

================================================================
== Vitis HLS Report for 'KeccakF1600_StatePermute_HLS_Pipeline_state_permute'
================================================================
* Date:           Tue Aug  5 17:14:38 2025

* Version:        2024.2 (Build 5238294 on Nov  8 2024)
* Project:        sha3_256_hls
* Solution:       hls (Vivado IP Flow Target)
* Product family: azynq
* Target device:  xa7z010-clg400-1I


================================================================
== Performance Estimates
================================================================
+ Timing: 
    * Summary: 
    +--------+----------+----------+------------+
    |  Clock |  Target  | Estimated| Uncertainty|
    +--------+----------+----------+------------+
    |ap_clk  |  10.00 ns|  6.930 ns|     2.70 ns|
    +--------+----------+----------+------------+

+ Latency: 
    * Summary: 
    +---------+---------+----------+----------+-----+-----+------------------------------------------------+
    |  Latency (cycles) |  Latency (absolute) |  Interval |                    Pipeline                    |
    |   min   |   max   |    min   |    max   | min | max |                      Type                      |
    +---------+---------+----------+----------+-----+-----+------------------------------------------------+
    |       27|       27|  0.270 us|  0.270 us|   26|   26|  loop auto-rewind stp (delay=0 clock cycles(s))|
    +---------+---------+----------+----------+-----+-----+------------------------------------------------+

    + Detail: 
        * Instance: 
        N/A

        * Loop: 
        +-----------------+---------+---------+----------+-----------+-----------+------+----------+
        |                 |  Latency (cycles) | Iteration|  Initiation Interval  | Trip |          |
        |    Loop Name    |   min   |   max   |  Latency |  achieved |   target  | Count| Pipelined|
        +-----------------+---------+---------+----------+-----------+-----------+------+----------+
        |- state_permute  |       25|       25|         3|          2|          2|    12|       yes|
        +-----------------+---------+---------+----------+-----------+-----------+------+----------+



================================================================
== Utilization Estimates
================================================================
* Summary: 
+-----------------+---------+----+-------+-------+-----+
|       Name      | BRAM_18K| DSP|   FF  |  LUT  | URAM|
+-----------------+---------+----+-------+-------+-----+
|DSP              |        -|   -|      -|      -|    -|
|Expression       |        -|   -|      0|  16156|    -|
|FIFO             |        -|   -|      -|      -|    -|
|Instance         |        -|   -|      0|    130|    -|
|Memory           |        -|   -|      -|      -|    -|
|Multiplexer      |        -|   -|      0|    275|    -|
|Register         |        -|   -|   3471|      -|    -|
+-----------------+---------+----+-------+-------+-----+
|Total            |        0|   0|   3471|  16561|    0|
+-----------------+---------+----+-------+-------+-----+
|Available        |      120|  80|  35200|  17600|    0|
+-----------------+---------+----+-------+-------+-----+
|Utilization (%)  |        0|   0|      9|     94|    0|
+-----------------+---------+----+-------+-------+-----+

+ Detail: 
    * Instance: 
    +---------------------------+-----------------------+---------+----+---+----+-----+
    |          Instance         |         Module        | BRAM_18K| DSP| FF| LUT| URAM|
    +---------------------------+-----------------------+---------+----+---+----+-----+
    |sparsemux_25_5_64_1_1_U15  |sparsemux_25_5_64_1_1  |        0|   0|  0|  65|    0|
    |sparsemux_25_5_64_1_1_U16  |sparsemux_25_5_64_1_1  |        0|   0|  0|  65|    0|
    +---------------------------+-----------------------+---------+----+---+----+-----+
    |Total                      |                       |        0|   0|  0| 130|    0|
    +---------------------------+-----------------------+---------+----+---+----+-----+

    * DSP: 
    N/A

    * Memory: 
    N/A

    * FIFO: 
    N/A

    * Expression: 
    +------------------------+----------+----+---+-----+------------+------------+
    |      Variable Name     | Operation| DSP| FF| LUT | Bitwidth P0| Bitwidth P1|
    +------------------------+----------+----+---+-----+------------+------------+
    |add_ln98_fu_2929_p2     |         +|   0|  0|   13|           5|           2|
    |and_ln122_fu_1413_p2    |       and|   0|  0|   64|          64|          64|
    |and_ln123_fu_1437_p2    |       and|   0|  0|   64|          64|          64|
    |and_ln124_fu_1455_p2    |       and|   0|  0|   64|          64|          64|
    |and_ln125_fu_1473_p2    |       and|   0|  0|   64|          64|          64|
    |and_ln126_fu_1491_p2    |       and|   0|  0|   64|          64|          64|
    |and_ln133_fu_1649_p2    |       and|   0|  0|   64|          64|          64|
    |and_ln134_fu_1667_p2    |       and|   0|  0|   64|          64|          64|
    |and_ln135_fu_1685_p2    |       and|   0|  0|   64|          64|          64|
    |and_ln136_fu_1703_p2    |       and|   0|  0|   64|          64|          64|
    |and_ln137_fu_1721_p2    |       and|   0|  0|   64|          64|          64|
    |and_ln144_fu_1877_p2    |       and|   0|  0|   64|          64|          64|
    |and_ln145_fu_1895_p2    |       and|   0|  0|   64|          64|          64|
    |and_ln146_fu_1913_p2    |       and|   0|  0|   64|          64|          64|
    |and_ln147_fu_1931_p2    |       and|   0|  0|   64|          64|          64|
    |and_ln148_fu_1949_p2    |       and|   0|  0|   64|          64|          64|
    |and_ln155_fu_2107_p2    |       and|   0|  0|   64|          64|          64|
    |and_ln156_fu_2125_p2    |       and|   0|  0|   64|          64|          64|
    |and_ln157_fu_2143_p2    |       and|   0|  0|   64|          64|          64|
    |and_ln158_fu_2161_p2    |       and|   0|  0|   64|          64|          64|
    |and_ln159_fu_2179_p2    |       and|   0|  0|   64|          64|          64|
    |and_ln166_fu_2337_p2    |       and|   0|  0|   64|          64|          64|
    |and_ln167_fu_2355_p2    |       and|   0|  0|   64|          64|          64|
    |and_ln168_fu_2373_p2    |       and|   0|  0|   64|          64|          64|
    |and_ln169_fu_2391_p2    |       and|   0|  0|   64|          64|          64|
    |and_ln170_fu_2409_p2    |       and|   0|  0|   64|          64|          64|
    |and_ln192_fu_3089_p2    |       and|   0|  0|   64|          64|          64|
    |and_ln193_fu_3112_p2    |       and|   0|  0|   64|          64|          64|
    |and_ln194_fu_3130_p2    |       and|   0|  0|   64|          64|          64|
    |and_ln195_fu_3148_p2    |       and|   0|  0|   64|          64|          64|
    |and_ln196_fu_3164_p2    |       and|   0|  0|   64|          64|          64|
    |and_ln203_fu_3254_p2    |       and|   0|  0|   64|          64|          64|
    |and_ln204_fu_3272_p2    |       and|   0|  0|   64|          64|          64|
    |and_ln205_fu_3290_p2    |       and|   0|  0|   64|          64|          64|
    |and_ln206_fu_3308_p2    |       and|   0|  0|   64|          64|          64|
    |and_ln207_fu_3326_p2    |       and|   0|  0|   64|          64|          64|
    |and_ln214_fu_3414_p2    |       and|   0|  0|   64|          64|          64|
    |and_ln215_fu_3432_p2    |       and|   0|  0|   64|          64|          64|
    |and_ln216_fu_3450_p2    |       and|   0|  0|   64|          64|          64|
    |and_ln217_fu_3468_p2    |       and|   0|  0|   64|          64|          64|
    |and_ln218_fu_3486_p2    |       and|   0|  0|   64|          64|          64|
    |and_ln225_fu_3576_p2    |       and|   0|  0|   64|          64|          64|
    |and_ln226_fu_3594_p2    |       and|   0|  0|   64|          64|          64|
    |and_ln227_fu_3612_p2    |       and|   0|  0|   64|          64|          64|
    |and_ln228_fu_3630_p2    |       and|   0|  0|   64|          64|          64|
    |and_ln229_fu_3648_p2    |       and|   0|  0|   64|          64|          64|
    |and_ln236_fu_3738_p2    |       and|   0|  0|   64|          64|          64|
    |and_ln237_fu_3756_p2    |       and|   0|  0|   64|          64|          64|
    |and_ln238_fu_3774_p2    |       and|   0|  0|   64|          64|          64|
    |and_ln239_fu_3792_p2    |       and|   0|  0|   64|          64|          64|
    |and_ln240_fu_3810_p2    |       and|   0|  0|   64|          64|          64|
    |icmp_ln98_fu_902_p2     |      icmp|   0|  0|   13|           5|           5|
    |Aba_3_fu_3101_p2        |       xor|   0|  0|   64|          64|          64|
    |Aba_4_fu_1233_p2        |       xor|   0|  0|   64|          64|          64|
    |Abe_2_fu_1733_p2        |       xor|   0|  0|   64|          64|          64|
    |Abe_3_fu_3118_p2        |       xor|   0|  0|   64|          64|          64|
    |Abi_2_fu_2191_p2        |       xor|   0|  0|   64|          64|          64|
    |Abi_3_fu_3136_p2        |       xor|   0|  0|   64|          64|          64|
    |Abo_2_fu_1503_p2        |       xor|   0|  0|   64|          64|          64|
    |Abo_3_fu_3153_p2        |       xor|   0|  0|   64|          64|          64|
    |Abu_2_fu_1961_p2        |       xor|   0|  0|   64|          64|          64|
    |Abu_3_fu_3170_p2        |       xor|   0|  0|   64|          64|          64|
    |Aga_2_fu_1989_p2        |       xor|   0|  0|   64|          64|          64|
    |Aga_3_fu_3260_p2        |       xor|   0|  0|   64|          64|          64|
    |Age_2_fu_1239_p2        |       xor|   0|  0|   64|          64|          64|
    |Age_3_fu_3278_p2        |       xor|   0|  0|   64|          64|          64|
    |Agi_2_fu_1759_p2        |       xor|   0|  0|   64|          64|          64|
    |Agi_3_fu_3296_p2        |       xor|   0|  0|   64|          64|          64|
    |Ago_2_fu_2219_p2        |       xor|   0|  0|   64|          64|          64|
    |Ago_3_fu_3314_p2        |       xor|   0|  0|   64|          64|          64|
    |Agu_2_fu_1531_p2        |       xor|   0|  0|   64|          64|          64|
    |Agu_3_fu_3332_p2        |       xor|   0|  0|   64|          64|          64|
    |Aka_2_fu_1559_p2        |       xor|   0|  0|   64|          64|          64|
    |Aka_3_fu_3420_p2        |       xor|   0|  0|   64|          64|          64|
    |Ake_2_fu_2017_p2        |       xor|   0|  0|   64|          64|          64|
    |Ake_3_fu_3438_p2        |       xor|   0|  0|   64|          64|          64|
    |Aki_2_fu_1267_p2        |       xor|   0|  0|   64|          64|          64|
    |Aki_3_fu_3456_p2        |       xor|   0|  0|   64|          64|          64|
    |Ako_2_fu_1787_p2        |       xor|   0|  0|   64|          64|          64|
    |Ako_3_fu_3474_p2        |       xor|   0|  0|   64|          64|          64|
    |Aku_2_fu_2247_p2        |       xor|   0|  0|   64|          64|          64|
    |Aku_3_fu_3492_p2        |       xor|   0|  0|   64|          64|          64|
    |Ama_2_fu_2275_p2        |       xor|   0|  0|   64|          64|          64|
    |Ama_3_fu_3582_p2        |       xor|   0|  0|   64|          64|          64|
    |Ame_2_fu_1587_p2        |       xor|   0|  0|   64|          64|          64|
    |Ame_3_fu_3600_p2        |       xor|   0|  0|   64|          64|          64|
    |Ami_2_fu_2045_p2        |       xor|   0|  0|   64|          64|          64|
    |Ami_3_fu_3618_p2        |       xor|   0|  0|   64|          64|          64|
    |Amo_2_fu_1295_p2        |       xor|   0|  0|   64|          64|          64|
    |Amo_3_fu_3636_p2        |       xor|   0|  0|   64|          64|          64|
    |Amu_2_fu_1815_p2        |       xor|   0|  0|   64|          64|          64|
    |Amu_3_fu_3654_p2        |       xor|   0|  0|   64|          64|          64|
    |Asa_2_fu_1843_p2        |       xor|   0|  0|   64|          64|          64|
    |Asa_3_fu_3744_p2        |       xor|   0|  0|   64|          64|          64|
    |Ase_2_fu_2303_p2        |       xor|   0|  0|   64|          64|          64|
    |Ase_3_fu_3762_p2        |       xor|   0|  0|   64|          64|          64|
    |Asi_2_fu_1615_p2        |       xor|   0|  0|   64|          64|          64|
    |Asi_3_fu_3780_p2        |       xor|   0|  0|   64|          64|          64|
    |Aso_2_fu_2073_p2        |       xor|   0|  0|   64|          64|          64|
    |Aso_3_fu_3798_p2        |       xor|   0|  0|   64|          64|          64|
    |Asu_2_fu_1323_p2        |       xor|   0|  0|   64|          64|          64|
    |Asu_3_fu_3816_p2        |       xor|   0|  0|   64|          64|          64|
    |BCa_6_fu_2439_p2        |       xor|   0|  0|   64|          64|          64|
    |BCa_fu_1001_p2          |       xor|   0|  0|   64|          64|          64|
    |BCe_6_fu_2463_p2        |       xor|   0|  0|   64|          64|          64|
    |BCe_fu_1025_p2          |       xor|   0|  0|   64|          64|          64|
    |BCi_6_fu_2487_p2        |       xor|   0|  0|   64|          64|          64|
    |BCi_fu_1049_p2          |       xor|   0|  0|   64|          64|          64|
    |BCo_6_fu_2511_p2        |       xor|   0|  0|   64|          64|          64|
    |BCo_fu_1073_p2          |       xor|   0|  0|   64|          64|          64|
    |BCu_6_fu_2535_p2        |       xor|   0|  0|   64|          64|          64|
    |BCu_fu_1097_p2          |       xor|   0|  0|   64|          64|          64|
    |Da_1_fu_2561_p2         |       xor|   0|  0|   64|          64|          64|
    |Da_fu_1123_p2           |       xor|   0|  0|   64|          64|          64|
    |De_1_fu_2946_p2         |       xor|   0|  0|   64|          64|          64|
    |De_fu_1149_p2           |       xor|   0|  0|   64|          64|          64|
    |Di_1_fu_2599_p2         |       xor|   0|  0|   64|          64|          64|
    |Di_fu_1175_p2           |       xor|   0|  0|   64|          64|          64|
    |Do_1_fu_2625_p2         |       xor|   0|  0|   64|          64|          64|
    |Do_fu_1201_p2           |       xor|   0|  0|   64|          64|          64|
    |Du_1_fu_2957_p2         |       xor|   0|  0|   64|          64|          64|
    |Du_fu_1227_p2           |       xor|   0|  0|   64|          64|          64|
    |Eba_2_fu_2643_p2        |       xor|   0|  0|   64|          64|          64|
    |Eba_fu_1425_p2          |       xor|   0|  0|   64|          64|          64|
    |Ebe_1_fu_3338_p2        |       xor|   0|  0|   64|          64|          64|
    |Ebe_fu_1443_p2          |       xor|   0|  0|   64|          64|          64|
    |Ebi_1_fu_2869_p2        |       xor|   0|  0|   64|          64|          64|
    |Ebi_fu_1461_p2          |       xor|   0|  0|   64|          64|          64|
    |Ebo_1_fu_2689_p2        |       xor|   0|  0|   64|          64|          64|
    |Ebo_fu_1479_p2          |       xor|   0|  0|   64|          64|          64|
    |Ebu_1_fu_3498_p2        |       xor|   0|  0|   64|          64|          64|
    |Ebu_fu_1497_p2          |       xor|   0|  0|   64|          64|          64|
    |Ega_1_fu_2809_p2        |       xor|   0|  0|   64|          64|          64|
    |Ega_fu_1655_p2          |       xor|   0|  0|   64|          64|          64|
    |Ege_1_fu_2962_p2        |       xor|   0|  0|   64|          64|          64|
    |Ege_fu_1673_p2          |       xor|   0|  0|   64|          64|          64|
    |Egi_1_fu_2749_p2        |       xor|   0|  0|   64|          64|          64|
    |Egi_fu_1691_p2          |       xor|   0|  0|   64|          64|          64|
    |Ego_1_fu_2889_p2        |       xor|   0|  0|   64|          64|          64|
    |Ego_fu_1709_p2          |       xor|   0|  0|   64|          64|          64|
    |Egu_1_fu_3182_p2        |       xor|   0|  0|   64|          64|          64|
    |Egu_fu_1727_p2          |       xor|   0|  0|   64|          64|          64|
    |Eka_1_fu_2709_p2        |       xor|   0|  0|   64|          64|          64|
    |Eka_fu_1883_p2          |       xor|   0|  0|   64|          64|          64|
    |Eke_1_fu_3531_p2        |       xor|   0|  0|   64|          64|          64|
    |Eke_fu_1901_p2          |       xor|   0|  0|   64|          64|          64|
    |Eki_1_fu_2649_p2        |       xor|   0|  0|   64|          64|          64|
    |Eki_fu_1919_p2          |       xor|   0|  0|   64|          64|          64|
    |Eko_1_fu_2769_p2        |       xor|   0|  0|   64|          64|          64|
    |Eko_fu_1937_p2          |       xor|   0|  0|   64|          64|          64|
    |Eku_1_fu_3672_p2        |       xor|   0|  0|   64|          64|          64|
    |Eku_fu_1955_p2          |       xor|   0|  0|   64|          64|          64|
    |Ema_1_fu_2909_p2        |       xor|   0|  0|   64|          64|          64|
    |Ema_fu_2113_p2          |       xor|   0|  0|   64|          64|          64|
    |Eme_1_fu_3215_p2        |       xor|   0|  0|   64|          64|          64|
    |Eme_fu_2131_p2          |       xor|   0|  0|   64|          64|          64|
    |Emi_1_fu_2829_p2        |       xor|   0|  0|   64|          64|          64|
    |Emi_fu_2149_p2          |       xor|   0|  0|   64|          64|          64|
    |Emo_1_fu_2669_p2        |       xor|   0|  0|   64|          64|          64|
    |Emo_fu_2167_p2          |       xor|   0|  0|   64|          64|          64|
    |Emu_1_fu_3375_p2        |       xor|   0|  0|   64|          64|          64|
    |Emu_fu_2185_p2          |       xor|   0|  0|   64|          64|          64|
    |Esa_1_fu_2789_p2        |       xor|   0|  0|   64|          64|          64|
    |Esa_fu_2343_p2          |       xor|   0|  0|   64|          64|          64|
    |Ese_1_fu_3705_p2        |       xor|   0|  0|   64|          64|          64|
    |Ese_fu_2361_p2          |       xor|   0|  0|   64|          64|          64|
    |Esi_1_fu_2729_p2        |       xor|   0|  0|   64|          64|          64|
    |Esi_fu_2379_p2          |       xor|   0|  0|   64|          64|          64|
    |Eso_1_fu_2849_p2        |       xor|   0|  0|   64|          64|          64|
    |Eso_fu_2397_p2          |       xor|   0|  0|   64|          64|          64|
    |Esu_1_fu_3001_p2        |       xor|   0|  0|   64|          64|          64|
    |Esu_fu_2415_p2          |       xor|   0|  0|   64|          64|          64|
    |ap_enable_pp0           |       xor|   0|  0|    2|           1|           2|
    |xor_ln104_1_fu_989_p2   |       xor|   0|  0|   64|          64|          64|
    |xor_ln104_2_fu_995_p2   |       xor|   0|  0|   64|          64|          64|
    |xor_ln104_fu_983_p2     |       xor|   0|  0|   64|          64|          64|
    |xor_ln105_1_fu_1013_p2  |       xor|   0|  0|   64|          64|          64|
    |xor_ln105_2_fu_1019_p2  |       xor|   0|  0|   64|          64|          64|
    |xor_ln105_fu_1007_p2    |       xor|   0|  0|   64|          64|          64|
    |xor_ln106_1_fu_1043_p2  |       xor|   0|  0|   64|          64|          64|
    |xor_ln106_2_fu_1037_p2  |       xor|   0|  0|   64|          64|          64|
    |xor_ln106_fu_1031_p2    |       xor|   0|  0|   64|          64|          64|
    |xor_ln107_1_fu_1061_p2  |       xor|   0|  0|   64|          64|          64|
    |xor_ln107_2_fu_1067_p2  |       xor|   0|  0|   64|          64|          64|
    |xor_ln107_fu_1055_p2    |       xor|   0|  0|   64|          64|          64|
    |xor_ln108_1_fu_1085_p2  |       xor|   0|  0|   64|          64|          64|
    |xor_ln108_2_fu_1091_p2  |       xor|   0|  0|   64|          64|          64|
    |xor_ln108_fu_1079_p2    |       xor|   0|  0|   64|          64|          64|
    |xor_ln122_1_fu_1419_p2  |       xor|   0|  0|   64|          64|          64|
    |xor_ln122_fu_1407_p2    |       xor|   0|  0|   64|           2|          64|
    |xor_ln123_fu_1431_p2    |       xor|   0|  0|   64|           2|          64|
    |xor_ln124_fu_1449_p2    |       xor|   0|  0|   64|           2|          64|
    |xor_ln125_fu_1467_p2    |       xor|   0|  0|   64|           2|          64|
    |xor_ln126_fu_1485_p2    |       xor|   0|  0|   64|           2|          64|
    |xor_ln133_fu_1643_p2    |       xor|   0|  0|   64|           2|          64|
    |xor_ln134_fu_1661_p2    |       xor|   0|  0|   64|           2|          64|
    |xor_ln135_fu_1679_p2    |       xor|   0|  0|   64|           2|          64|
    |xor_ln136_fu_1697_p2    |       xor|   0|  0|   64|           2|          64|
    |xor_ln137_fu_1715_p2    |       xor|   0|  0|   64|           2|          64|
    |xor_ln144_fu_1871_p2    |       xor|   0|  0|   64|           2|          64|
    |xor_ln145_fu_1889_p2    |       xor|   0|  0|   64|           2|          64|
    |xor_ln146_fu_1907_p2    |       xor|   0|  0|   64|           2|          64|
    |xor_ln147_fu_1925_p2    |       xor|   0|  0|   64|           2|          64|
    |xor_ln148_fu_1943_p2    |       xor|   0|  0|   64|           2|          64|
    |xor_ln155_fu_2101_p2    |       xor|   0|  0|   64|           2|          64|
    |xor_ln156_fu_2119_p2    |       xor|   0|  0|   64|           2|          64|
    |xor_ln157_fu_2137_p2    |       xor|   0|  0|   64|           2|          64|
    |xor_ln158_fu_2155_p2    |       xor|   0|  0|   64|           2|          64|
    |xor_ln159_fu_2173_p2    |       xor|   0|  0|   64|           2|          64|
    |xor_ln166_fu_2331_p2    |       xor|   0|  0|   64|           2|          64|
    |xor_ln167_fu_2349_p2    |       xor|   0|  0|   64|           2|          64|
    |xor_ln168_fu_2367_p2    |       xor|   0|  0|   64|           2|          64|
    |xor_ln169_fu_2385_p2    |       xor|   0|  0|   64|           2|          64|
    |xor_ln170_fu_2403_p2    |       xor|   0|  0|   64|           2|          64|
    |xor_ln174_1_fu_2427_p2  |       xor|   0|  0|   64|          64|          64|
    |xor_ln174_2_fu_2433_p2  |       xor|   0|  0|   64|          64|          64|
    |xor_ln174_fu_2421_p2    |       xor|   0|  0|   64|          64|          64|
    |xor_ln175_1_fu_2451_p2  |       xor|   0|  0|   64|          64|          64|
    |xor_ln175_2_fu_2457_p2  |       xor|   0|  0|   64|          64|          64|
    |xor_ln175_fu_2445_p2    |       xor|   0|  0|   64|          64|          64|
    |xor_ln176_1_fu_2475_p2  |       xor|   0|  0|   64|          64|          64|
    |xor_ln176_2_fu_2481_p2  |       xor|   0|  0|   64|          64|          64|
    |xor_ln176_fu_2469_p2    |       xor|   0|  0|   64|          64|          64|
    |xor_ln177_1_fu_2499_p2  |       xor|   0|  0|   64|          64|          64|
    |xor_ln177_2_fu_2505_p2  |       xor|   0|  0|   64|          64|          64|
    |xor_ln177_fu_2493_p2    |       xor|   0|  0|   64|          64|          64|
    |xor_ln178_1_fu_2523_p2  |       xor|   0|  0|   64|          64|          64|
    |xor_ln178_2_fu_2529_p2  |       xor|   0|  0|   64|          64|          64|
    |xor_ln178_fu_2517_p2    |       xor|   0|  0|   64|          64|          64|
    |xor_ln192_1_fu_3095_p2  |       xor|   0|  0|   64|          64|          64|
    |xor_ln192_fu_3083_p2    |       xor|   0|  0|   64|           2|          64|
    |xor_ln193_fu_3106_p2    |       xor|   0|  0|   64|           2|          64|
    |xor_ln194_fu_3124_p2    |       xor|   0|  0|   64|           2|          64|
    |xor_ln195_fu_3142_p2    |       xor|   0|  0|   64|           2|          64|
    |xor_ln196_fu_3159_p2    |       xor|   0|  0|   64|           2|          64|
    |xor_ln203_fu_3248_p2    |       xor|   0|  0|   64|           2|          64|
    |xor_ln204_fu_3266_p2    |       xor|   0|  0|   64|           2|          64|
    |xor_ln205_fu_3284_p2    |       xor|   0|  0|   64|           2|          64|
    |xor_ln206_fu_3302_p2    |       xor|   0|  0|   64|           2|          64|
    |xor_ln207_fu_3320_p2    |       xor|   0|  0|   64|           2|          64|
    |xor_ln214_fu_3408_p2    |       xor|   0|  0|   64|           2|          64|
    |xor_ln215_fu_3426_p2    |       xor|   0|  0|   64|           2|          64|
    |xor_ln216_fu_3444_p2    |       xor|   0|  0|   64|           2|          64|
    |xor_ln217_fu_3462_p2    |       xor|   0|  0|   64|           2|          64|
    |xor_ln218_fu_3480_p2    |       xor|   0|  0|   64|           2|          64|
    |xor_ln225_fu_3570_p2    |       xor|   0|  0|   64|           2|          64|
    |xor_ln226_fu_3588_p2    |       xor|   0|  0|   64|           2|          64|
    |xor_ln227_fu_3606_p2    |       xor|   0|  0|   64|           2|          64|
    |xor_ln228_fu_3624_p2    |       xor|   0|  0|   64|           2|          64|
    |xor_ln229_fu_3642_p2    |       xor|   0|  0|   64|           2|          64|
    |xor_ln236_fu_3732_p2    |       xor|   0|  0|   64|           2|          64|
    |xor_ln237_fu_3750_p2    |       xor|   0|  0|   64|           2|          64|
    |xor_ln238_fu_3768_p2    |       xor|   0|  0|   64|           2|          64|
    |xor_ln239_fu_3786_p2    |       xor|   0|  0|   64|           2|          64|
    |xor_ln240_fu_3804_p2    |       xor|   0|  0|   64|           2|          64|
    +------------------------+----------+----+---+-----+------------+------------+
    |Total                   |          |   0|  0|16156|       13039|       16137|
    +------------------------+----------+----+---+-----+------------+------------+

    * Multiplexer: 
    +-------------------------+----+-----------+-----+-----------+
    |           Name          | LUT| Input Size| Bits| Total Bits|
    +-------------------------+----+-----------+-----+-----------+
    |Aba_1_fu_436             |   9|          2|   64|        128|
    |Abe_1_fu_432             |   9|          2|   64|        128|
    |Abi_1_fu_428             |   9|          2|   64|        128|
    |Abo_1_fu_420             |   9|          2|   64|        128|
    |Abu_1_fu_424             |   9|          2|   64|        128|
    |Aga_1_fu_416             |   9|          2|   64|        128|
    |Age_1_fu_412             |   9|          2|   64|        128|
    |Agi_1_fu_408             |   9|          2|   64|        128|
    |Ago_1_fu_404             |   9|          2|   64|        128|
    |Agu_1_fu_400             |   9|          2|   64|        128|
    |Aka_1_fu_396             |   9|          2|   64|        128|
    |Ake_1_fu_392             |   9|          2|   64|        128|
    |Aki_1_fu_388             |   9|          2|   64|        128|
    |Ako_1_fu_384             |   9|          2|   64|        128|
    |Aku_1_fu_380             |   9|          2|   64|        128|
    |Ama_1_fu_376             |   9|          2|   64|        128|
    |Ame_1_fu_372             |   9|          2|   64|        128|
    |Ami_1_fu_368             |   9|          2|   64|        128|
    |Amo_1_fu_364             |   9|          2|   64|        128|
    |Amu_1_fu_360             |   9|          2|   64|        128|
    |Asa_1_fu_356             |   9|          2|   64|        128|
    |Ase_1_fu_352             |   9|          2|   64|        128|
    |Asi_1_fu_348             |   9|          2|   64|        128|
    |Aso_1_fu_344             |   9|          2|   64|        128|
    |Asu_1_fu_340             |   9|          2|   64|        128|
    |ap_NS_fsm                |  14|          3|    1|          3|
    |ap_done_int              |   9|          2|    1|          2|
    |ap_enable_reg_pp0_iter0  |   9|          2|    1|          2|
    |ap_enable_reg_pp0_iter1  |   9|          2|    1|          2|
    |round_fu_440             |   9|          2|    5|         10|
    +-------------------------+----+-----------+-----+-----------+
    |Total                    | 275|         61| 1609|       3219|
    +-------------------------+----+-----------+-----+-----------+

    * Register: 
    +-----------------------------+----+----+-----+-----------+
    |             Name            | FF | LUT| Bits| Const Bits|
    +-----------------------------+----+----+-----+-----------+
    |Aba_1_fu_436                 |  64|   0|   64|          0|
    |Abe_1_fu_432                 |  64|   0|   64|          0|
    |Abi_1_fu_428                 |  64|   0|   64|          0|
    |Abo_1_fu_420                 |  64|   0|   64|          0|
    |Abu_1_fu_424                 |  64|   0|   64|          0|
    |Aga_1_fu_416                 |  64|   0|   64|          0|
    |Age_1_fu_412                 |  64|   0|   64|          0|
    |Agi_1_fu_408                 |  64|   0|   64|          0|
    |Ago_1_fu_404                 |  64|   0|   64|          0|
    |Agu_1_fu_400                 |  64|   0|   64|          0|
    |Aka_1_fu_396                 |  64|   0|   64|          0|
    |Ake_1_fu_392                 |  64|   0|   64|          0|
    |Aki_1_fu_388                 |  64|   0|   64|          0|
    |Ako_1_fu_384                 |  64|   0|   64|          0|
    |Aku_1_fu_380                 |  64|   0|   64|          0|
    |Ama_1_fu_376                 |  64|   0|   64|          0|
    |Ame_1_fu_372                 |  64|   0|   64|          0|
    |Ami_1_fu_368                 |  64|   0|   64|          0|
    |Amo_1_fu_364                 |  64|   0|   64|          0|
    |Amu_1_fu_360                 |  64|   0|   64|          0|
    |Asa_1_fu_356                 |  64|   0|   64|          0|
    |Ase_1_fu_352                 |  64|   0|   64|          0|
    |Asi_1_fu_348                 |  64|   0|   64|          0|
    |Aso_1_fu_344                 |  64|   0|   64|          0|
    |Asu_1_fu_340                 |  64|   0|   64|          0|
    |BCa_6_reg_4312               |  64|   0|   64|          0|
    |BCo_6_reg_4317               |  64|   0|   64|          0|
    |Eba_2_reg_4342               |  64|   0|   64|          0|
    |Ebe_reg_4262                 |  64|   0|   64|          0|
    |Ebu_reg_4267                 |  64|   0|   64|          0|
    |Ege_reg_4272                 |  64|   0|   64|          0|
    |Egu_reg_4277                 |  64|   0|   64|          0|
    |Eke_reg_4282                 |  64|   0|   64|          0|
    |Eku_reg_4287                 |  64|   0|   64|          0|
    |Eme_reg_4292                 |  64|   0|   64|          0|
    |Emu_reg_4297                 |  64|   0|   64|          0|
    |Ese_reg_4302                 |  64|   0|   64|          0|
    |Esu_reg_4307                 |  64|   0|   64|          0|
    |ap_CS_fsm                    |   2|   0|    2|          0|
    |ap_done_reg                  |   1|   0|    1|          0|
    |ap_enable_reg_pp0_iter0_reg  |   1|   0|    1|          0|
    |ap_enable_reg_pp0_iter1      |   1|   0|    1|          0|
    |lshr_ln24_reg_4354           |  43|   0|   43|          0|
    |lshr_ln25_reg_4364           |  21|   0|   21|          0|
    |lshr_ln27_reg_4374           |  28|   0|   28|          0|
    |lshr_ln29_reg_4384           |   3|   0|    3|          0|
    |lshr_ln31_reg_4394           |  61|   0|   61|          0|
    |lshr_ln32_reg_4404           |   6|   0|    6|          0|
    |lshr_ln33_reg_4414           |  25|   0|   25|          0|
    |lshr_ln35_reg_4424           |  18|   0|   18|          0|
    |lshr_ln37_reg_4434           |  36|   0|   36|          0|
    |lshr_ln39_reg_4444           |  15|   0|   15|          0|
    |lshr_ln40_reg_4454           |  56|   0|   56|          0|
    |lshr_ln41_reg_4464           |  62|   0|   62|          0|
    |lshr_ln42_reg_4474           |  55|   0|   55|          0|
    |lshr_ln44_reg_4484           |  41|   0|   41|          0|
    |round_1_reg_4254             |   5|   0|    5|          0|
    |round_fu_440                 |   5|   0|    5|          0|
    |tmp_13_reg_4327              |   1|   0|    1|          0|
    |tmp_16_reg_4337              |   1|   0|    1|          0|
    |trunc_ln182_reg_4322         |  63|   0|   63|          0|
    |trunc_ln185_reg_4332         |  63|   0|   63|          0|
    |trunc_ln189_reg_4349         |  21|   0|   21|          0|
    |trunc_ln190_reg_4359         |  43|   0|   43|          0|
    |trunc_ln198_reg_4369         |  36|   0|   36|          0|
    |trunc_ln200_reg_4379         |  61|   0|   61|          0|
    |trunc_ln202_reg_4389         |   3|   0|    3|          0|
    |trunc_ln210_reg_4399         |  58|   0|   58|          0|
    |trunc_ln211_reg_4409         |  39|   0|   39|          0|
    |trunc_ln213_reg_4419         |  46|   0|   46|          0|
    |trunc_ln221_reg_4429         |  28|   0|   28|          0|
    |trunc_ln223_reg_4439         |  49|   0|   49|          0|
    |trunc_ln224_reg_4449         |   8|   0|    8|          0|
    |trunc_ln231_reg_4459         |   2|   0|    2|          0|
    |trunc_ln232_reg_4469         |   9|   0|    9|          0|
    |trunc_ln234_reg_4479         |  23|   0|   23|          0|
    +-----------------------------+----+----+-----+-----------+
    |Total                        |3471|   0| 3471|          0|
    +-----------------------------+----+----+-----+-----------+



================================================================
== Interface
================================================================
* Summary: 
+------------------+-----+-----+------------+-----------------------------------------------------+--------------+
|     RTL Ports    | Dir | Bits|  Protocol  |                    Source Object                    |    C Type    |
+------------------+-----+-----+------------+-----------------------------------------------------+--------------+
|ap_clk            |   in|    1|  ap_ctrl_hs|  KeccakF1600_StatePermute_HLS_Pipeline_state_permute|  return value|
|ap_rst            |   in|    1|  ap_ctrl_hs|  KeccakF1600_StatePermute_HLS_Pipeline_state_permute|  return value|
|ap_start          |   in|    1|  ap_ctrl_hs|  KeccakF1600_StatePermute_HLS_Pipeline_state_permute|  return value|
|ap_done           |  out|    1|  ap_ctrl_hs|  KeccakF1600_StatePermute_HLS_Pipeline_state_permute|  return value|
|ap_idle           |  out|    1|  ap_ctrl_hs|  KeccakF1600_StatePermute_HLS_Pipeline_state_permute|  return value|
|ap_ready          |  out|    1|  ap_ctrl_hs|  KeccakF1600_StatePermute_HLS_Pipeline_state_permute|  return value|
|Aba               |   in|   64|     ap_none|                                                  Aba|        scalar|
|Abe               |   in|   64|     ap_none|                                                  Abe|        scalar|
|Abi               |   in|   64|     ap_none|                                                  Abi|        scalar|
|Abo               |   in|   64|     ap_none|                                                  Abo|        scalar|
|Abu               |   in|   64|     ap_none|                                                  Abu|        scalar|
|Aga               |   in|   64|     ap_none|                                                  Aga|        scalar|
|Age               |   in|   64|     ap_none|                                                  Age|        scalar|
|Agi               |   in|   64|     ap_none|                                                  Agi|        scalar|
|Ago               |   in|   64|     ap_none|                                                  Ago|        scalar|
|Agu               |   in|   64|     ap_none|                                                  Agu|        scalar|
|Aka               |   in|   64|     ap_none|                                                  Aka|        scalar|
|Ake               |   in|   64|     ap_none|                                                  Ake|        scalar|
|Aki               |   in|   64|     ap_none|                                                  Aki|        scalar|
|Ako               |   in|   64|     ap_none|                                                  Ako|        scalar|
|Aku               |   in|   64|     ap_none|                                                  Aku|        scalar|
|Ama               |   in|   64|     ap_none|                                                  Ama|        scalar|
|Ame               |   in|   64|     ap_none|                                                  Ame|        scalar|
|Ami               |   in|   64|     ap_none|                                                  Ami|        scalar|
|Amo               |   in|   64|     ap_none|                                                  Amo|        scalar|
|Amu               |   in|   64|     ap_none|                                                  Amu|        scalar|
|Asa               |   in|   64|     ap_none|                                                  Asa|        scalar|
|Ase               |   in|   64|     ap_none|                                                  Ase|        scalar|
|Asi               |   in|   64|     ap_none|                                                  Asi|        scalar|
|Aso               |   in|   64|     ap_none|                                                  Aso|        scalar|
|Asu               |   in|   64|     ap_none|                                                  Asu|        scalar|
|Aba_1_out         |  out|   64|      ap_vld|                                            Aba_1_out|       pointer|
|Aba_1_out_ap_vld  |  out|    1|      ap_vld|                                            Aba_1_out|       pointer|
|Abe_1_out         |  out|   64|      ap_vld|                                            Abe_1_out|       pointer|
|Abe_1_out_ap_vld  |  out|    1|      ap_vld|                                            Abe_1_out|       pointer|
|Abi_1_out         |  out|   64|      ap_vld|                                            Abi_1_out|       pointer|
|Abi_1_out_ap_vld  |  out|    1|      ap_vld|                                            Abi_1_out|       pointer|
|Abo_1_out         |  out|   64|      ap_vld|                                            Abo_1_out|       pointer|
|Abo_1_out_ap_vld  |  out|    1|      ap_vld|                                            Abo_1_out|       pointer|
|Abu_1_out         |  out|   64|      ap_vld|                                            Abu_1_out|       pointer|
|Abu_1_out_ap_vld  |  out|    1|      ap_vld|                                            Abu_1_out|       pointer|
|Aga_1_out         |  out|   64|      ap_vld|                                            Aga_1_out|       pointer|
|Aga_1_out_ap_vld  |  out|    1|      ap_vld|                                            Aga_1_out|       pointer|
|Age_1_out         |  out|   64|      ap_vld|                                            Age_1_out|       pointer|
|Age_1_out_ap_vld  |  out|    1|      ap_vld|                                            Age_1_out|       pointer|
|Agi_1_out         |  out|   64|      ap_vld|                                            Agi_1_out|       pointer|
|Agi_1_out_ap_vld  |  out|    1|      ap_vld|                                            Agi_1_out|       pointer|
|Ago_1_out         |  out|   64|      ap_vld|                                            Ago_1_out|       pointer|
|Ago_1_out_ap_vld  |  out|    1|      ap_vld|                                            Ago_1_out|       pointer|
|Agu_1_out         |  out|   64|      ap_vld|                                            Agu_1_out|       pointer|
|Agu_1_out_ap_vld  |  out|    1|      ap_vld|                                            Agu_1_out|       pointer|
|Aka_1_out         |  out|   64|      ap_vld|                                            Aka_1_out|       pointer|
|Aka_1_out_ap_vld  |  out|    1|      ap_vld|                                            Aka_1_out|       pointer|
|Ake_1_out         |  out|   64|      ap_vld|                                            Ake_1_out|       pointer|
|Ake_1_out_ap_vld  |  out|    1|      ap_vld|                                            Ake_1_out|       pointer|
|Aki_1_out         |  out|   64|      ap_vld|                                            Aki_1_out|       pointer|
|Aki_1_out_ap_vld  |  out|    1|      ap_vld|                                            Aki_1_out|       pointer|
|Ako_1_out         |  out|   64|      ap_vld|                                            Ako_1_out|       pointer|
|Ako_1_out_ap_vld  |  out|    1|      ap_vld|                                            Ako_1_out|       pointer|
|Aku_1_out         |  out|   64|      ap_vld|                                            Aku_1_out|       pointer|
|Aku_1_out_ap_vld  |  out|    1|      ap_vld|                                            Aku_1_out|       pointer|
|Ama_1_out         |  out|   64|      ap_vld|                                            Ama_1_out|       pointer|
|Ama_1_out_ap_vld  |  out|    1|      ap_vld|                                            Ama_1_out|       pointer|
|Ame_1_out         |  out|   64|      ap_vld|                                            Ame_1_out|       pointer|
|Ame_1_out_ap_vld  |  out|    1|      ap_vld|                                            Ame_1_out|       pointer|
|Ami_1_out         |  out|   64|      ap_vld|                                            Ami_1_out|       pointer|
|Ami_1_out_ap_vld  |  out|    1|      ap_vld|                                            Ami_1_out|       pointer|
|Amo_1_out         |  out|   64|      ap_vld|                                            Amo_1_out|       pointer|
|Amo_1_out_ap_vld  |  out|    1|      ap_vld|                                            Amo_1_out|       pointer|
|Amu_1_out         |  out|   64|      ap_vld|                                            Amu_1_out|       pointer|
|Amu_1_out_ap_vld  |  out|    1|      ap_vld|                                            Amu_1_out|       pointer|
|Asa_1_out         |  out|   64|      ap_vld|                                            Asa_1_out|       pointer|
|Asa_1_out_ap_vld  |  out|    1|      ap_vld|                                            Asa_1_out|       pointer|
|Ase_1_out         |  out|   64|      ap_vld|                                            Ase_1_out|       pointer|
|Ase_1_out_ap_vld  |  out|    1|      ap_vld|                                            Ase_1_out|       pointer|
|Asi_1_out         |  out|   64|      ap_vld|                                            Asi_1_out|       pointer|
|Asi_1_out_ap_vld  |  out|    1|      ap_vld|                                            Asi_1_out|       pointer|
|Aso_1_out         |  out|   64|      ap_vld|                                            Aso_1_out|       pointer|
|Aso_1_out_ap_vld  |  out|    1|      ap_vld|                                            Aso_1_out|       pointer|
|Asu_1_out         |  out|   64|      ap_vld|                                            Asu_1_out|       pointer|
|Asu_1_out_ap_vld  |  out|    1|      ap_vld|                                            Asu_1_out|       pointer|
+------------------+-----+-----+------------+-----------------------------------------------------+--------------+

