

================================================================
== Vitis HLS Report for 'matmul_partition_Pipeline_readB'
================================================================
* Date:           Mon Jul 21 16:25:51 2025

* Version:        2024.2 (Build 5238294 on Nov  8 2024)
* Project:        component_array_partition_block_cyclic
* Solution:       hls (Vivado IP Flow Target)
* Product family: zynq
* Target device:  xc7z020-clg400-1


================================================================
== Performance Estimates
================================================================
+ Timing: 
    * Summary: 
    +--------+----------+----------+------------+
    |  Clock |  Target  | Estimated| Uncertainty|
    +--------+----------+----------+------------+
    |ap_clk  |  10.00 ns|  7.300 ns|     2.70 ns|
    +--------+----------+----------+------------+

+ Latency: 
    * Summary: 
    +---------+---------+----------+----------+-----+-----+------------------------------------------------+
    |  Latency (cycles) |  Latency (absolute) |  Interval |                    Pipeline                    |
    |   min   |   max   |    min   |    max   | min | max |                      Type                      |
    +---------+---------+----------+----------+-----+-----+------------------------------------------------+
    |      259|      259|  2.590 us|  2.590 us|  257|  257|  loop auto-rewind stp (delay=0 clock cycles(s))|
    +---------+---------+----------+----------+-----+-----+------------------------------------------------+

    + Detail: 
        * Instance: 
        N/A

        * Loop: 
        +----------+---------+---------+----------+-----------+-----------+------+----------+
        |          |  Latency (cycles) | Iteration|  Initiation Interval  | Trip |          |
        | Loop Name|   min   |   max   |  Latency |  achieved |   target  | Count| Pipelined|
        +----------+---------+---------+----------+-----------+-----------+------+----------+
        |- readB   |      257|      257|         3|          1|          1|   256|       yes|
        +----------+---------+---------+----------+-----------+-----------+------+----------+



================================================================
== Utilization Estimates
================================================================
* Summary: 
+-----------------+---------+-----+--------+-------+-----+
|       Name      | BRAM_18K| DSP |   FF   |  LUT  | URAM|
+-----------------+---------+-----+--------+-------+-----+
|DSP              |        -|    -|       -|      -|    -|
|Expression       |        -|    -|       0|    300|    -|
|FIFO             |        -|    -|       -|      -|    -|
|Instance         |        -|    -|       -|      -|    -|
|Memory           |        -|    -|       -|      -|    -|
|Multiplexer      |        -|    -|       0|     72|    -|
|Register         |        -|    -|     203|      -|    -|
+-----------------+---------+-----+--------+-------+-----+
|Total            |        0|    0|     203|    372|    0|
+-----------------+---------+-----+--------+-------+-----+
|Available        |      280|  220|  106400|  53200|    0|
+-----------------+---------+-----+--------+-------+-----+
|Utilization (%)  |        0|    0|      ~0|     ~0|    0|
+-----------------+---------+-----+--------+-------+-----+

+ Detail: 
    * Instance: 
    N/A

    * DSP: 
    N/A

    * Memory: 
    N/A

    * FIFO: 
    N/A

    * Expression: 
    +---------------------------+----------+----+---+----+------------+------------+
    |       Variable Name       | Operation| DSP| FF| LUT| Bitwidth P0| Bitwidth P1|
    +---------------------------+----------+----+---+----+------------+------------+
    |add_ln57_fu_392_p2         |         +|   0|  0|  38|          31|           1|
    |add_ln61_fu_432_p2         |         +|   0|  0|  39|          32|           1|
    |add_ln63_fu_451_p2         |         +|   0|  0|  39|          32|          32|
    |j_3_fu_466_p2              |         +|   0|  0|  39|          32|           1|
    |ap_block_pp0_stage0_11001  |       and|   0|  0|   2|           1|           1|
    |icmp_ln57_fu_387_p2        |      icmp|   0|  0|  38|          31|          31|
    |icmp_ln59_fu_401_p2        |      icmp|   0|  0|  39|          32|          32|
    |i_fu_438_p3                |    select|   0|  0|  32|           1|          32|
    |j_fu_406_p3                |    select|   0|  0|  32|           1|           1|
    |ap_enable_pp0              |       xor|   0|  0|   2|           1|           2|
    +---------------------------+----------+----+---+----+------------+------------+
    |Total                      |          |   0|  0| 300|         194|         134|
    +---------------------------+----------+----+---+----+------------+------------+

    * Multiplexer: 
    +---------------------------+----+-----------+-----+-----------+
    |            Name           | LUT| Input Size| Bits| Total Bits|
    +---------------------------+----+-----------+-----+-----------+
    |ap_done_int                |   9|          2|    1|          2|
    |ap_enable_reg_pp0_iter1    |   9|          2|    1|          2|
    |ap_enable_reg_pp0_iter2    |   9|          2|    1|          2|
    |ap_sig_allocacmp_j_2_load  |   9|          2|   32|         64|
    |gmem_blk_n_R               |   9|          2|    1|          2|
    |i_1_fu_126                 |   9|          2|   32|         64|
    |itr_fu_130                 |   9|          2|   31|         62|
    |j_2_fu_122                 |   9|          2|   32|         64|
    +---------------------------+----+-----------+-----+-----------+
    |Total                      |  72|         16|  131|        262|
    +---------------------------+----+-----------+-----+-----------+

    * Register: 
    +-------------------------------------------+----+----+-----+-----------+
    |                    Name                   | FF | LUT| Bits| Const Bits|
    +-------------------------------------------+----+----+-----+-----------+
    |ap_CS_fsm                                  |   1|   0|    1|          0|
    |ap_block_pp0_stage0_subdone_grp0_done_reg  |   1|   0|    1|          0|
    |ap_done_reg                                |   1|   0|    1|          0|
    |ap_enable_reg_pp0_iter1                    |   1|   0|    1|          0|
    |ap_enable_reg_pp0_iter2                    |   1|   0|    1|          0|
    |ap_enable_reg_pp0_iter3                    |   1|   0|    1|          0|
    |ap_loop_exit_ready_pp0_iter2_reg           |   1|   0|    1|          0|
    |gmem_addr_read_reg_556                     |  32|   0|   32|          0|
    |i_1_fu_126                                 |  32|   0|   32|          0|
    |icmp_ln59_reg_540                          |   1|   0|    1|          0|
    |itr_fu_130                                 |  31|   0|   31|          0|
    |j_2_fu_122                                 |  32|   0|   32|          0|
    |j_reg_545                                  |  32|   0|   32|          0|
    |trunc_ln59_reg_551                         |   4|   0|    4|          0|
    |trunc_ln59_reg_551_pp0_iter2_reg           |   4|   0|    4|          0|
    |trunc_ln63_1_reg_576                       |  28|   0|   28|          0|
    +-------------------------------------------+----+----+-----+-----------+
    |Total                                      | 203|   0|  203|          0|
    +-------------------------------------------+----+----+-----+-----------+



================================================================
== Interface
================================================================
* Summary: 
+-----------------------+-----+-----+------------+---------------------------------+--------------+
|       RTL Ports       | Dir | Bits|  Protocol  |          Source Object          |    C Type    |
+-----------------------+-----+-----+------------+---------------------------------+--------------+
|ap_clk                 |   in|    1|  ap_ctrl_hs|  matmul_partition_Pipeline_readB|  return value|
|ap_rst                 |   in|    1|  ap_ctrl_hs|  matmul_partition_Pipeline_readB|  return value|
|ap_start               |   in|    1|  ap_ctrl_hs|  matmul_partition_Pipeline_readB|  return value|
|ap_done                |  out|    1|  ap_ctrl_hs|  matmul_partition_Pipeline_readB|  return value|
|ap_idle                |  out|    1|  ap_ctrl_hs|  matmul_partition_Pipeline_readB|  return value|
|ap_ready               |  out|    1|  ap_ctrl_hs|  matmul_partition_Pipeline_readB|  return value|
|m_axi_gmem_0_AWVALID   |  out|    1|       m_axi|                             gmem|       pointer|
|m_axi_gmem_0_AWREADY   |   in|    1|       m_axi|                             gmem|       pointer|
|m_axi_gmem_0_AWADDR    |  out|   64|       m_axi|                             gmem|       pointer|
|m_axi_gmem_0_AWID      |  out|    1|       m_axi|                             gmem|       pointer|
|m_axi_gmem_0_AWLEN     |  out|   32|       m_axi|                             gmem|       pointer|
|m_axi_gmem_0_AWSIZE    |  out|    3|       m_axi|                             gmem|       pointer|
|m_axi_gmem_0_AWBURST   |  out|    2|       m_axi|                             gmem|       pointer|
|m_axi_gmem_0_AWLOCK    |  out|    2|       m_axi|                             gmem|       pointer|
|m_axi_gmem_0_AWCACHE   |  out|    4|       m_axi|                             gmem|       pointer|
|m_axi_gmem_0_AWPROT    |  out|    3|       m_axi|                             gmem|       pointer|
|m_axi_gmem_0_AWQOS     |  out|    4|       m_axi|                             gmem|       pointer|
|m_axi_gmem_0_AWREGION  |  out|    4|       m_axi|                             gmem|       pointer|
|m_axi_gmem_0_AWUSER    |  out|    1|       m_axi|                             gmem|       pointer|
|m_axi_gmem_0_WVALID    |  out|    1|       m_axi|                             gmem|       pointer|
|m_axi_gmem_0_WREADY    |   in|    1|       m_axi|                             gmem|       pointer|
|m_axi_gmem_0_WDATA     |  out|   32|       m_axi|                             gmem|       pointer|
|m_axi_gmem_0_WSTRB     |  out|    4|       m_axi|                             gmem|       pointer|
|m_axi_gmem_0_WLAST     |  out|    1|       m_axi|                             gmem|       pointer|
|m_axi_gmem_0_WID       |  out|    1|       m_axi|                             gmem|       pointer|
|m_axi_gmem_0_WUSER     |  out|    1|       m_axi|                             gmem|       pointer|
|m_axi_gmem_0_ARVALID   |  out|    1|       m_axi|                             gmem|       pointer|
|m_axi_gmem_0_ARREADY   |   in|    1|       m_axi|                             gmem|       pointer|
|m_axi_gmem_0_ARADDR    |  out|   64|       m_axi|                             gmem|       pointer|
|m_axi_gmem_0_ARID      |  out|    1|       m_axi|                             gmem|       pointer|
|m_axi_gmem_0_ARLEN     |  out|   32|       m_axi|                             gmem|       pointer|
|m_axi_gmem_0_ARSIZE    |  out|    3|       m_axi|                             gmem|       pointer|
|m_axi_gmem_0_ARBURST   |  out|    2|       m_axi|                             gmem|       pointer|
|m_axi_gmem_0_ARLOCK    |  out|    2|       m_axi|                             gmem|       pointer|
|m_axi_gmem_0_ARCACHE   |  out|    4|       m_axi|                             gmem|       pointer|
|m_axi_gmem_0_ARPROT    |  out|    3|       m_axi|                             gmem|       pointer|
|m_axi_gmem_0_ARQOS     |  out|    4|       m_axi|                             gmem|       pointer|
|m_axi_gmem_0_ARREGION  |  out|    4|       m_axi|                             gmem|       pointer|
|m_axi_gmem_0_ARUSER    |  out|    1|       m_axi|                             gmem|       pointer|
|m_axi_gmem_0_RVALID    |   in|    1|       m_axi|                             gmem|       pointer|
|m_axi_gmem_0_RREADY    |  out|    1|       m_axi|                             gmem|       pointer|
|m_axi_gmem_0_RDATA     |   in|   32|       m_axi|                             gmem|       pointer|
|m_axi_gmem_0_RLAST     |   in|    1|       m_axi|                             gmem|       pointer|
|m_axi_gmem_0_RID       |   in|    1|       m_axi|                             gmem|       pointer|
|m_axi_gmem_0_RFIFONUM  |   in|    9|       m_axi|                             gmem|       pointer|
|m_axi_gmem_0_RUSER     |   in|    1|       m_axi|                             gmem|       pointer|
|m_axi_gmem_0_RRESP     |   in|    2|       m_axi|                             gmem|       pointer|
|m_axi_gmem_0_BVALID    |   in|    1|       m_axi|                             gmem|       pointer|
|m_axi_gmem_0_BREADY    |  out|    1|       m_axi|                             gmem|       pointer|
|m_axi_gmem_0_BRESP     |   in|    2|       m_axi|                             gmem|       pointer|
|m_axi_gmem_0_BID       |   in|    1|       m_axi|                             gmem|       pointer|
|m_axi_gmem_0_BUSER     |   in|    1|       m_axi|                             gmem|       pointer|
|empty                  |   in|   31|     ap_none|                            empty|        scalar|
|sext_ln57              |   in|   62|     ap_none|                        sext_ln57|        scalar|
|B_15_address0          |  out|    4|   ap_memory|                             B_15|         array|
|B_15_ce0               |  out|    1|   ap_memory|                             B_15|         array|
|B_15_we0               |  out|    1|   ap_memory|                             B_15|         array|
|B_15_d0                |  out|   32|   ap_memory|                             B_15|         array|
|B_14_address0          |  out|    4|   ap_memory|                             B_14|         array|
|B_14_ce0               |  out|    1|   ap_memory|                             B_14|         array|
|B_14_we0               |  out|    1|   ap_memory|                             B_14|         array|
|B_14_d0                |  out|   32|   ap_memory|                             B_14|         array|
|B_13_address0          |  out|    4|   ap_memory|                             B_13|         array|
|B_13_ce0               |  out|    1|   ap_memory|                             B_13|         array|
|B_13_we0               |  out|    1|   ap_memory|                             B_13|         array|
|B_13_d0                |  out|   32|   ap_memory|                             B_13|         array|
|B_12_address0          |  out|    4|   ap_memory|                             B_12|         array|
|B_12_ce0               |  out|    1|   ap_memory|                             B_12|         array|
|B_12_we0               |  out|    1|   ap_memory|                             B_12|         array|
|B_12_d0                |  out|   32|   ap_memory|                             B_12|         array|
|B_11_address0          |  out|    4|   ap_memory|                             B_11|         array|
|B_11_ce0               |  out|    1|   ap_memory|                             B_11|         array|
|B_11_we0               |  out|    1|   ap_memory|                             B_11|         array|
|B_11_d0                |  out|   32|   ap_memory|                             B_11|         array|
|B_10_address0          |  out|    4|   ap_memory|                             B_10|         array|
|B_10_ce0               |  out|    1|   ap_memory|                             B_10|         array|
|B_10_we0               |  out|    1|   ap_memory|                             B_10|         array|
|B_10_d0                |  out|   32|   ap_memory|                             B_10|         array|
|B_9_address0           |  out|    4|   ap_memory|                              B_9|         array|
|B_9_ce0                |  out|    1|   ap_memory|                              B_9|         array|
|B_9_we0                |  out|    1|   ap_memory|                              B_9|         array|
|B_9_d0                 |  out|   32|   ap_memory|                              B_9|         array|
|B_8_address0           |  out|    4|   ap_memory|                              B_8|         array|
|B_8_ce0                |  out|    1|   ap_memory|                              B_8|         array|
|B_8_we0                |  out|    1|   ap_memory|                              B_8|         array|
|B_8_d0                 |  out|   32|   ap_memory|                              B_8|         array|
|B_7_address0           |  out|    4|   ap_memory|                              B_7|         array|
|B_7_ce0                |  out|    1|   ap_memory|                              B_7|         array|
|B_7_we0                |  out|    1|   ap_memory|                              B_7|         array|
|B_7_d0                 |  out|   32|   ap_memory|                              B_7|         array|
|B_6_address0           |  out|    4|   ap_memory|                              B_6|         array|
|B_6_ce0                |  out|    1|   ap_memory|                              B_6|         array|
|B_6_we0                |  out|    1|   ap_memory|                              B_6|         array|
|B_6_d0                 |  out|   32|   ap_memory|                              B_6|         array|
|B_5_address0           |  out|    4|   ap_memory|                              B_5|         array|
|B_5_ce0                |  out|    1|   ap_memory|                              B_5|         array|
|B_5_we0                |  out|    1|   ap_memory|                              B_5|         array|
|B_5_d0                 |  out|   32|   ap_memory|                              B_5|         array|
|B_4_address0           |  out|    4|   ap_memory|                              B_4|         array|
|B_4_ce0                |  out|    1|   ap_memory|                              B_4|         array|
|B_4_we0                |  out|    1|   ap_memory|                              B_4|         array|
|B_4_d0                 |  out|   32|   ap_memory|                              B_4|         array|
|B_3_address0           |  out|    4|   ap_memory|                              B_3|         array|
|B_3_ce0                |  out|    1|   ap_memory|                              B_3|         array|
|B_3_we0                |  out|    1|   ap_memory|                              B_3|         array|
|B_3_d0                 |  out|   32|   ap_memory|                              B_3|         array|
|B_2_address0           |  out|    4|   ap_memory|                              B_2|         array|
|B_2_ce0                |  out|    1|   ap_memory|                              B_2|         array|
|B_2_we0                |  out|    1|   ap_memory|                              B_2|         array|
|B_2_d0                 |  out|   32|   ap_memory|                              B_2|         array|
|B_1_address0           |  out|    4|   ap_memory|                              B_1|         array|
|B_1_ce0                |  out|    1|   ap_memory|                              B_1|         array|
|B_1_we0                |  out|    1|   ap_memory|                              B_1|         array|
|B_1_d0                 |  out|   32|   ap_memory|                              B_1|         array|
|B_address0             |  out|    4|   ap_memory|                                B|         array|
|B_ce0                  |  out|    1|   ap_memory|                                B|         array|
|B_we0                  |  out|    1|   ap_memory|                                B|         array|
|B_d0                   |  out|   32|   ap_memory|                                B|         array|
|dim                    |   in|   32|     ap_none|                              dim|        scalar|
+-----------------------+-----+-----+------------+---------------------------------+--------------+

