================================================================
== Design Size Report
================================================================

* Total Instructions per Compilation Phase
+---------------+-----------------------------+--------------+----------------------------------------------------------------------------------------+
| Phase         | Step                        | Instructions | Description                                                                            |
+---------------+-----------------------------+--------------+----------------------------------------------------------------------------------------+
| Compile/Link  |                             | 1,277        | After all functions are compiled and linked into a single design                       |
|               |                             |              |                                                                                        |
| Unroll/Inline |                             |              | After user unroll and inline pragmas are applied                                       |
|               | (1) unroll                  | 1,338        | user unroll pragmas are applied                                                        |
|               | (2) simplification          | 1,217        | simplification of applied user unroll pragmas                                          |
|               | (3) inline                  | 1,204        | user inline pragmas are applied                                                        |
|               | (4) simplification          | 1,204        | simplification of applied user inline pragmas                                          |
|               |                             |              |                                                                                        |
| Array/Struct  |                             |              | After user array partition and struct aggregate/disaggregate pragmas are applied       |
|               | (1) array partition         | 1,214        | user array partition pragmas are applied                                               |
|               | (2) simplification          | 1,214        | simplification of applied user array partition & struct aggregate/disaggregate pragmas |
|               | (3) aggregate/disaggregate  | 1,214        | user struct aggregate/disaggregate pragmas are applied                                 |
|               | (4) array reshape           | 1,214        | apply array reshape pragmas                                                            |
|               | (5) access patterns         | 1,261        | array access pattern optmizations                                                      |
|               |                             |              |                                                                                        |
| Performance   |                             |              | After transformations are applied to meet performance pragma targets                   |
|               | (1) loop simplification     | 1,261        | loop and instruction simplification                                                    |
|               | (2) parallelization         | 1,208        | loops are unrolled or pipelined to meet performance targets                            |
|               | (3) array partition         | 1,207        | arrays are partitioned to meet performance targets                                     |
|               | (4) simplification          | 1,207        | simplification of design after performance transformations                             |
|               |                             |              |                                                                                        |
| HW Transforms |                             |              | After hardware transfomations                                                          |
|               | (1) lowering                | 1,212        | initial conversion to HW specific instructions                                         |
|               | (2) optimizations           | 1,231        | high level synthesis optimizations                                                     |
+---------------+-----------------------------+--------------+----------------------------------------------------------------------------------------+

* Instructions per Function for each Compilation Phase
+------------------------------------+---------------+--------------+-----------------+-----------------+-----------------+-----------------+
| Function                           | Location      | Compile/Link | Unroll/Inline   | Array/Struct    | Performance     | HW Transforms   |
+------------------------------------+---------------+--------------+-----------------+-----------------+-----------------+-----------------+
| + sha3_256_hw                      | sha3_256.c:4  | 1,277        | 1,204           | 1,261           | 1,207           | 1,231           |
|  + pqcrystals_kyber_fips202_ref... | fips202.c:757 | 1,270        | 1,195           | 1,250           | 1,196           | 1,217           |
|   + keccak_absorb_once             | fips202.c:468 |  661         |                 |                 |                 |                 |
|      load64                        | fips202.c:22  |   18         |                 |                 |                 |                 |
|      KeccakF1600_StatePermute      | fips202.c:85  |  568         |                 |                 |                 |                 |
|     KeccakF1600_StatePermute       | fips202.c:85  |  568         | 1,072 (2 calls) | 1,124 (2 calls) | 1,074 (2 calls) | 1,084 (2 calls) |
|     store64                        | fips202.c:41  |   16         |                 |                 |                 |                 |
+------------------------------------+---------------+--------------+-----------------+-----------------+-----------------+-----------------+

* Design Size Message Settings
+---------------------------------------------+--------+------------------------------------------------------------------+
| Message Setting                             | Value  | Description                                                      |
+---------------------------------------------+--------+------------------------------------------------------------------+
| config_compile -design_size_maximum_warning | 100000 | Show a warning when total design instructions exceeds this value |
+---------------------------------------------+--------+------------------------------------------------------------------+


