

================================================================
== Vitis HLS Report for 'KeccakF1600_StatePermute_Pipeline_state_permute'
================================================================
* Date:           Wed Aug  6 16:42:26 2025

* Version:        2024.2 (Build 5238294 on Nov  8 2024)
* Project:        sha3_hls_solution
* Solution:       hls (Vivado IP Flow Target)
* Product family: zynq
* Target device:  xc7z020-clg400-1


================================================================
== Performance Estimates
================================================================
+ Timing: 
    * Summary: 
    +--------+----------+----------+------------+
    |  Clock |  Target  | Estimated| Uncertainty|
    +--------+----------+----------+------------+
    |ap_clk  |  10.00 ns|  7.214 ns|     2.70 ns|
    +--------+----------+----------+------------+

+ Latency: 
    * Summary: 
    +---------+---------+----------+----------+-----+-----+------------------------------------------------+
    |  Latency (cycles) |  Latency (absolute) |  Interval |                    Pipeline                    |
    |   min   |   max   |    min   |    max   | min | max |                      Type                      |
    +---------+---------+----------+----------+-----+-----+------------------------------------------------+
    |       15|       15|  0.150 us|  0.150 us|   13|   13|  loop auto-rewind stp (delay=0 clock cycles(s))|
    +---------+---------+----------+----------+-----+-----+------------------------------------------------+

    + Detail: 
        * Instance: 
        N/A

        * Loop: 
        +-----------------+---------+---------+----------+-----------+-----------+------+----------+
        |                 |  Latency (cycles) | Iteration|  Initiation Interval  | Trip |          |
        |    Loop Name    |   min   |   max   |  Latency |  achieved |   target  | Count| Pipelined|
        +-----------------+---------+---------+----------+-----------+-----------+------+----------+
        |- state_permute  |       13|       13|         3|          1|          1|    12|       yes|
        +-----------------+---------+---------+----------+-----------+-----------+------+----------+



================================================================
== Utilization Estimates
================================================================
* Summary: 
+-----------------+---------+-----+--------+-------+-----+
|       Name      | BRAM_18K| DSP |   FF   |  LUT  | URAM|
+-----------------+---------+-----+--------+-------+-----+
|DSP              |        -|    -|       -|      -|    -|
|Expression       |        -|    -|       0|  16156|    -|
|FIFO             |        -|    -|       -|      -|    -|
|Instance         |        -|    -|       -|      -|    -|
|Memory           |        2|    -|       0|      0|    -|
|Multiplexer      |        -|    -|       0|    486|    -|
|Register         |        -|    -|    3275|      -|    -|
+-----------------+---------+-----+--------+-------+-----+
|Total            |        2|    0|    3275|  16642|    0|
+-----------------+---------+-----+--------+-------+-----+
|Available        |      280|  220|  106400|  53200|    0|
+-----------------+---------+-----+--------+-------+-----+
|Utilization (%)  |       ~0|    0|       3|     31|    0|
+-----------------+---------+-----+--------+-------+-----+

+ Detail: 
    * Instance: 
    N/A

    * DSP: 
    N/A

    * Memory: 
    +--------------------------+----------------------------------------------------------------------------------+---------+---+----+-----+------+-----+------+-------------+
    |          Memory          |                                      Module                                      | BRAM_18K| FF| LUT| URAM| Words| Bits| Banks| W*Bits*Banks|
    +--------------------------+----------------------------------------------------------------------------------+---------+---+----+-----+------+-----+------+-------------+
    |KeccakF_RoundConstants_U  |KeccakF1600_StatePermute_Pipeline_state_permute_KeccakF_RoundConstants_ROM_AUbkb  |        2|  0|   0|    0|    24|   64|     1|         1536|
    +--------------------------+----------------------------------------------------------------------------------+---------+---+----+-----+------+-----+------+-------------+
    |Total                     |                                                                                  |        2|  0|   0|    0|    24|   64|     1|         1536|
    +--------------------------+----------------------------------------------------------------------------------+---------+---+----+-----+------+-----+------+-------------+

    * FIFO: 
    N/A

    * Expression: 
    +------------------------+----------+----+---+-----+------------+------------+
    |      Variable Name     | Operation| DSP| FF| LUT | Bitwidth P0| Bitwidth P1|
    +------------------------+----------+----+---+-----+------------+------------+
    |add_ln131_fu_907_p2     |         +|   0|  0|   13|           5|           2|
    |and_ln159_fu_1367_p2    |       and|   0|  0|   64|          64|          64|
    |and_ln160_fu_1391_p2    |       and|   0|  0|   64|          64|          64|
    |and_ln161_fu_1409_p2    |       and|   0|  0|   64|          64|          64|
    |and_ln162_fu_1427_p2    |       and|   0|  0|   64|          64|          64|
    |and_ln163_fu_1445_p2    |       and|   0|  0|   64|          64|          64|
    |and_ln175_fu_1603_p2    |       and|   0|  0|   64|          64|          64|
    |and_ln176_fu_1621_p2    |       and|   0|  0|   64|          64|          64|
    |and_ln177_fu_1639_p2    |       and|   0|  0|   64|          64|          64|
    |and_ln178_fu_1657_p2    |       and|   0|  0|   64|          64|          64|
    |and_ln179_fu_1675_p2    |       and|   0|  0|   64|          64|          64|
    |and_ln191_fu_1831_p2    |       and|   0|  0|   64|          64|          64|
    |and_ln192_fu_1849_p2    |       and|   0|  0|   64|          64|          64|
    |and_ln193_fu_1867_p2    |       and|   0|  0|   64|          64|          64|
    |and_ln194_fu_1885_p2    |       and|   0|  0|   64|          64|          64|
    |and_ln195_fu_1903_p2    |       and|   0|  0|   64|          64|          64|
    |and_ln207_fu_2061_p2    |       and|   0|  0|   64|          64|          64|
    |and_ln208_fu_2079_p2    |       and|   0|  0|   64|          64|          64|
    |and_ln209_fu_2097_p2    |       and|   0|  0|   64|          64|          64|
    |and_ln210_fu_2115_p2    |       and|   0|  0|   64|          64|          64|
    |and_ln211_fu_2133_p2    |       and|   0|  0|   64|          64|          64|
    |and_ln223_fu_2291_p2    |       and|   0|  0|   64|          64|          64|
    |and_ln224_fu_2309_p2    |       and|   0|  0|   64|          64|          64|
    |and_ln225_fu_2327_p2    |       and|   0|  0|   64|          64|          64|
    |and_ln226_fu_2345_p2    |       and|   0|  0|   64|          64|          64|
    |and_ln227_fu_2363_p2    |       and|   0|  0|   64|          64|          64|
    |and_ln254_fu_3139_p2    |       and|   0|  0|   64|          64|          64|
    |and_ln255_fu_3161_p2    |       and|   0|  0|   64|          64|          64|
    |and_ln256_fu_3179_p2    |       and|   0|  0|   64|          64|          64|
    |and_ln257_fu_3197_p2    |       and|   0|  0|   64|          64|          64|
    |and_ln258_fu_3213_p2    |       and|   0|  0|   64|          64|          64|
    |and_ln270_fu_3261_p2    |       and|   0|  0|   64|          64|          64|
    |and_ln271_fu_3279_p2    |       and|   0|  0|   64|          64|          64|
    |and_ln272_fu_3297_p2    |       and|   0|  0|   64|          64|          64|
    |and_ln273_fu_3315_p2    |       and|   0|  0|   64|          64|          64|
    |and_ln274_fu_3333_p2    |       and|   0|  0|   64|          64|          64|
    |and_ln286_fu_3381_p2    |       and|   0|  0|   64|          64|          64|
    |and_ln287_fu_3399_p2    |       and|   0|  0|   64|          64|          64|
    |and_ln288_fu_3417_p2    |       and|   0|  0|   64|          64|          64|
    |and_ln289_fu_3435_p2    |       and|   0|  0|   64|          64|          64|
    |and_ln290_fu_3453_p2    |       and|   0|  0|   64|          64|          64|
    |and_ln302_fu_3501_p2    |       and|   0|  0|   64|          64|          64|
    |and_ln303_fu_3519_p2    |       and|   0|  0|   64|          64|          64|
    |and_ln304_fu_3537_p2    |       and|   0|  0|   64|          64|          64|
    |and_ln305_fu_3555_p2    |       and|   0|  0|   64|          64|          64|
    |and_ln306_fu_3573_p2    |       and|   0|  0|   64|          64|          64|
    |and_ln318_fu_3621_p2    |       and|   0|  0|   64|          64|          64|
    |and_ln319_fu_3639_p2    |       and|   0|  0|   64|          64|          64|
    |and_ln320_fu_3657_p2    |       and|   0|  0|   64|          64|          64|
    |and_ln321_fu_3675_p2    |       and|   0|  0|   64|          64|          64|
    |and_ln322_fu_3693_p2    |       and|   0|  0|   64|          64|          64|
    |icmp_ln131_fu_873_p2    |      icmp|   0|  0|   13|           5|           5|
    |Aba_3_fu_3149_p2        |       xor|   0|  0|   64|          64|          64|
    |Aba_4_fu_1243_p2        |       xor|   0|  0|   64|          64|          64|
    |Abe_2_fu_1687_p2        |       xor|   0|  0|   64|          64|          64|
    |Abe_3_fu_3167_p2        |       xor|   0|  0|   64|          64|          64|
    |Abi_2_fu_2145_p2        |       xor|   0|  0|   64|          64|          64|
    |Abi_3_fu_3185_p2        |       xor|   0|  0|   64|          64|          64|
    |Abo_2_fu_1457_p2        |       xor|   0|  0|   64|          64|          64|
    |Abo_3_fu_3202_p2        |       xor|   0|  0|   64|          64|          64|
    |Abu_2_fu_1915_p2        |       xor|   0|  0|   64|          64|          64|
    |Abu_3_fu_3219_p2        |       xor|   0|  0|   64|          64|          64|
    |Aga_2_fu_1943_p2        |       xor|   0|  0|   64|          64|          64|
    |Aga_3_fu_3267_p2        |       xor|   0|  0|   64|          64|          64|
    |Age_2_fu_1249_p2        |       xor|   0|  0|   64|          64|          64|
    |Age_3_fu_3285_p2        |       xor|   0|  0|   64|          64|          64|
    |Agi_2_fu_1713_p2        |       xor|   0|  0|   64|          64|          64|
    |Agi_3_fu_3303_p2        |       xor|   0|  0|   64|          64|          64|
    |Ago_2_fu_2173_p2        |       xor|   0|  0|   64|          64|          64|
    |Ago_3_fu_3321_p2        |       xor|   0|  0|   64|          64|          64|
    |Agu_2_fu_1485_p2        |       xor|   0|  0|   64|          64|          64|
    |Agu_3_fu_3339_p2        |       xor|   0|  0|   64|          64|          64|
    |Aka_2_fu_1513_p2        |       xor|   0|  0|   64|          64|          64|
    |Aka_3_fu_3387_p2        |       xor|   0|  0|   64|          64|          64|
    |Ake_2_fu_1971_p2        |       xor|   0|  0|   64|          64|          64|
    |Ake_3_fu_3405_p2        |       xor|   0|  0|   64|          64|          64|
    |Aki_2_fu_1277_p2        |       xor|   0|  0|   64|          64|          64|
    |Aki_3_fu_3423_p2        |       xor|   0|  0|   64|          64|          64|
    |Ako_2_fu_1741_p2        |       xor|   0|  0|   64|          64|          64|
    |Ako_3_fu_3441_p2        |       xor|   0|  0|   64|          64|          64|
    |Aku_2_fu_2201_p2        |       xor|   0|  0|   64|          64|          64|
    |Aku_3_fu_3459_p2        |       xor|   0|  0|   64|          64|          64|
    |Ama_2_fu_2229_p2        |       xor|   0|  0|   64|          64|          64|
    |Ama_3_fu_3507_p2        |       xor|   0|  0|   64|          64|          64|
    |Ame_2_fu_1541_p2        |       xor|   0|  0|   64|          64|          64|
    |Ame_3_fu_3525_p2        |       xor|   0|  0|   64|          64|          64|
    |Ami_2_fu_1999_p2        |       xor|   0|  0|   64|          64|          64|
    |Ami_3_fu_3543_p2        |       xor|   0|  0|   64|          64|          64|
    |Amo_2_fu_1305_p2        |       xor|   0|  0|   64|          64|          64|
    |Amo_3_fu_3561_p2        |       xor|   0|  0|   64|          64|          64|
    |Amu_2_fu_1769_p2        |       xor|   0|  0|   64|          64|          64|
    |Amu_3_fu_3579_p2        |       xor|   0|  0|   64|          64|          64|
    |Asa_2_fu_1797_p2        |       xor|   0|  0|   64|          64|          64|
    |Asa_3_fu_3627_p2        |       xor|   0|  0|   64|          64|          64|
    |Ase_2_fu_2257_p2        |       xor|   0|  0|   64|          64|          64|
    |Ase_3_fu_3645_p2        |       xor|   0|  0|   64|          64|          64|
    |Asi_2_fu_1569_p2        |       xor|   0|  0|   64|          64|          64|
    |Asi_3_fu_3663_p2        |       xor|   0|  0|   64|          64|          64|
    |Aso_2_fu_2027_p2        |       xor|   0|  0|   64|          64|          64|
    |Aso_3_fu_3681_p2        |       xor|   0|  0|   64|          64|          64|
    |Asu_2_fu_1333_p2        |       xor|   0|  0|   64|          64|          64|
    |Asu_3_fu_3699_p2        |       xor|   0|  0|   64|          64|          64|
    |BCa_6_fu_2393_p2        |       xor|   0|  0|   64|          64|          64|
    |BCa_fu_1011_p2          |       xor|   0|  0|   64|          64|          64|
    |BCe_6_fu_2417_p2        |       xor|   0|  0|   64|          64|          64|
    |BCe_fu_1035_p2          |       xor|   0|  0|   64|          64|          64|
    |BCi_6_fu_2441_p2        |       xor|   0|  0|   64|          64|          64|
    |BCi_fu_1059_p2          |       xor|   0|  0|   64|          64|          64|
    |BCo_6_fu_2465_p2        |       xor|   0|  0|   64|          64|          64|
    |BCo_fu_1083_p2          |       xor|   0|  0|   64|          64|          64|
    |BCu_6_fu_2489_p2        |       xor|   0|  0|   64|          64|          64|
    |BCu_fu_1107_p2          |       xor|   0|  0|   64|          64|          64|
    |Da_1_fu_2515_p2         |       xor|   0|  0|   64|          64|          64|
    |Da_fu_1133_p2           |       xor|   0|  0|   64|          64|          64|
    |De_1_fu_2541_p2         |       xor|   0|  0|   64|          64|          64|
    |De_fu_1159_p2           |       xor|   0|  0|   64|          64|          64|
    |Di_1_fu_2567_p2         |       xor|   0|  0|   64|          64|          64|
    |Di_fu_1185_p2           |       xor|   0|  0|   64|          64|          64|
    |Do_1_fu_2593_p2         |       xor|   0|  0|   64|          64|          64|
    |Do_fu_1211_p2           |       xor|   0|  0|   64|          64|          64|
    |Du_1_fu_2619_p2         |       xor|   0|  0|   64|          64|          64|
    |Du_fu_1237_p2           |       xor|   0|  0|   64|          64|          64|
    |Eba_2_fu_2625_p2        |       xor|   0|  0|   64|          64|          64|
    |Eba_fu_1379_p2          |       xor|   0|  0|   64|          64|          64|
    |Ebe_1_fu_2811_p2        |       xor|   0|  0|   64|          64|          64|
    |Ebe_fu_1397_p2          |       xor|   0|  0|   64|          64|          64|
    |Ebi_1_fu_3009_p2        |       xor|   0|  0|   64|          64|          64|
    |Ebi_fu_1415_p2          |       xor|   0|  0|   64|          64|          64|
    |Ebo_1_fu_2711_p2        |       xor|   0|  0|   64|          64|          64|
    |Ebo_fu_1433_p2          |       xor|   0|  0|   64|          64|          64|
    |Ebu_1_fu_2909_p2        |       xor|   0|  0|   64|          64|          64|
    |Ebu_fu_1451_p2          |       xor|   0|  0|   64|          64|          64|
    |Ega_1_fu_2929_p2        |       xor|   0|  0|   64|          64|          64|
    |Ega_fu_1609_p2          |       xor|   0|  0|   64|          64|          64|
    |Ege_1_fu_2631_p2        |       xor|   0|  0|   64|          64|          64|
    |Ege_fu_1627_p2          |       xor|   0|  0|   64|          64|          64|
    |Egi_1_fu_2829_p2        |       xor|   0|  0|   64|          64|          64|
    |Egi_fu_1645_p2          |       xor|   0|  0|   64|          64|          64|
    |Ego_1_fu_3029_p2        |       xor|   0|  0|   64|          64|          64|
    |Ego_fu_1663_p2          |       xor|   0|  0|   64|          64|          64|
    |Egu_1_fu_2731_p2        |       xor|   0|  0|   64|          64|          64|
    |Egu_fu_1681_p2          |       xor|   0|  0|   64|          64|          64|
    |Eka_1_fu_2751_p2        |       xor|   0|  0|   64|          64|          64|
    |Eka_fu_1837_p2          |       xor|   0|  0|   64|          64|          64|
    |Eke_1_fu_2949_p2        |       xor|   0|  0|   64|          64|          64|
    |Eke_fu_1855_p2          |       xor|   0|  0|   64|          64|          64|
    |Eki_1_fu_2651_p2        |       xor|   0|  0|   64|          64|          64|
    |Eki_fu_1873_p2          |       xor|   0|  0|   64|          64|          64|
    |Eko_1_fu_2849_p2        |       xor|   0|  0|   64|          64|          64|
    |Eko_fu_1891_p2          |       xor|   0|  0|   64|          64|          64|
    |Eku_1_fu_3049_p2        |       xor|   0|  0|   64|          64|          64|
    |Eku_fu_1909_p2          |       xor|   0|  0|   64|          64|          64|
    |Ema_1_fu_3069_p2        |       xor|   0|  0|   64|          64|          64|
    |Ema_fu_2067_p2          |       xor|   0|  0|   64|          64|          64|
    |Eme_1_fu_2771_p2        |       xor|   0|  0|   64|          64|          64|
    |Eme_fu_2085_p2          |       xor|   0|  0|   64|          64|          64|
    |Emi_1_fu_2969_p2        |       xor|   0|  0|   64|          64|          64|
    |Emi_fu_2103_p2          |       xor|   0|  0|   64|          64|          64|
    |Emo_1_fu_2671_p2        |       xor|   0|  0|   64|          64|          64|
    |Emo_fu_2121_p2          |       xor|   0|  0|   64|          64|          64|
    |Emu_1_fu_2869_p2        |       xor|   0|  0|   64|          64|          64|
    |Emu_fu_2139_p2          |       xor|   0|  0|   64|          64|          64|
    |Esa_1_fu_2889_p2        |       xor|   0|  0|   64|          64|          64|
    |Esa_fu_2297_p2          |       xor|   0|  0|   64|          64|          64|
    |Ese_1_fu_3089_p2        |       xor|   0|  0|   64|          64|          64|
    |Ese_fu_2315_p2          |       xor|   0|  0|   64|          64|          64|
    |Esi_1_fu_2791_p2        |       xor|   0|  0|   64|          64|          64|
    |Esi_fu_2333_p2          |       xor|   0|  0|   64|          64|          64|
    |Eso_1_fu_2989_p2        |       xor|   0|  0|   64|          64|          64|
    |Eso_fu_2351_p2          |       xor|   0|  0|   64|          64|          64|
    |Esu_1_fu_2691_p2        |       xor|   0|  0|   64|          64|          64|
    |Esu_fu_2369_p2          |       xor|   0|  0|   64|          64|          64|
    |ap_enable_pp0           |       xor|   0|  0|    2|           1|           2|
    |xor_ln135_1_fu_999_p2   |       xor|   0|  0|   64|          64|          64|
    |xor_ln135_2_fu_1005_p2  |       xor|   0|  0|   64|          64|          64|
    |xor_ln135_fu_993_p2     |       xor|   0|  0|   64|          64|          64|
    |xor_ln136_1_fu_1023_p2  |       xor|   0|  0|   64|          64|          64|
    |xor_ln136_2_fu_1029_p2  |       xor|   0|  0|   64|          64|          64|
    |xor_ln136_fu_1017_p2    |       xor|   0|  0|   64|          64|          64|
    |xor_ln137_1_fu_1047_p2  |       xor|   0|  0|   64|          64|          64|
    |xor_ln137_2_fu_1053_p2  |       xor|   0|  0|   64|          64|          64|
    |xor_ln137_fu_1041_p2    |       xor|   0|  0|   64|          64|          64|
    |xor_ln138_1_fu_1071_p2  |       xor|   0|  0|   64|          64|          64|
    |xor_ln138_2_fu_1077_p2  |       xor|   0|  0|   64|          64|          64|
    |xor_ln138_fu_1065_p2    |       xor|   0|  0|   64|          64|          64|
    |xor_ln139_1_fu_1095_p2  |       xor|   0|  0|   64|          64|          64|
    |xor_ln139_2_fu_1101_p2  |       xor|   0|  0|   64|          64|          64|
    |xor_ln139_fu_1089_p2    |       xor|   0|  0|   64|          64|          64|
    |xor_ln159_1_fu_1373_p2  |       xor|   0|  0|   64|          64|          64|
    |xor_ln159_fu_1361_p2    |       xor|   0|  0|   64|           2|          64|
    |xor_ln160_fu_1385_p2    |       xor|   0|  0|   64|           2|          64|
    |xor_ln161_fu_1403_p2    |       xor|   0|  0|   64|           2|          64|
    |xor_ln162_fu_1421_p2    |       xor|   0|  0|   64|           2|          64|
    |xor_ln163_fu_1439_p2    |       xor|   0|  0|   64|           2|          64|
    |xor_ln175_fu_1597_p2    |       xor|   0|  0|   64|           2|          64|
    |xor_ln176_fu_1615_p2    |       xor|   0|  0|   64|           2|          64|
    |xor_ln177_fu_1633_p2    |       xor|   0|  0|   64|           2|          64|
    |xor_ln178_fu_1651_p2    |       xor|   0|  0|   64|           2|          64|
    |xor_ln179_fu_1669_p2    |       xor|   0|  0|   64|           2|          64|
    |xor_ln191_fu_1825_p2    |       xor|   0|  0|   64|           2|          64|
    |xor_ln192_fu_1843_p2    |       xor|   0|  0|   64|           2|          64|
    |xor_ln193_fu_1861_p2    |       xor|   0|  0|   64|           2|          64|
    |xor_ln194_fu_1879_p2    |       xor|   0|  0|   64|           2|          64|
    |xor_ln195_fu_1897_p2    |       xor|   0|  0|   64|           2|          64|
    |xor_ln207_fu_2055_p2    |       xor|   0|  0|   64|           2|          64|
    |xor_ln208_fu_2073_p2    |       xor|   0|  0|   64|           2|          64|
    |xor_ln209_fu_2091_p2    |       xor|   0|  0|   64|           2|          64|
    |xor_ln210_fu_2109_p2    |       xor|   0|  0|   64|           2|          64|
    |xor_ln211_fu_2127_p2    |       xor|   0|  0|   64|           2|          64|
    |xor_ln223_fu_2285_p2    |       xor|   0|  0|   64|           2|          64|
    |xor_ln224_fu_2303_p2    |       xor|   0|  0|   64|           2|          64|
    |xor_ln225_fu_2321_p2    |       xor|   0|  0|   64|           2|          64|
    |xor_ln226_fu_2339_p2    |       xor|   0|  0|   64|           2|          64|
    |xor_ln227_fu_2357_p2    |       xor|   0|  0|   64|           2|          64|
    |xor_ln230_1_fu_2381_p2  |       xor|   0|  0|   64|          64|          64|
    |xor_ln230_2_fu_2387_p2  |       xor|   0|  0|   64|          64|          64|
    |xor_ln230_fu_2375_p2    |       xor|   0|  0|   64|          64|          64|
    |xor_ln231_1_fu_2399_p2  |       xor|   0|  0|   64|          64|          64|
    |xor_ln231_2_fu_2411_p2  |       xor|   0|  0|   64|          64|          64|
    |xor_ln231_fu_2405_p2    |       xor|   0|  0|   64|          64|          64|
    |xor_ln232_1_fu_2423_p2  |       xor|   0|  0|   64|          64|          64|
    |xor_ln232_2_fu_2435_p2  |       xor|   0|  0|   64|          64|          64|
    |xor_ln232_fu_2429_p2    |       xor|   0|  0|   64|          64|          64|
    |xor_ln233_1_fu_2453_p2  |       xor|   0|  0|   64|          64|          64|
    |xor_ln233_2_fu_2459_p2  |       xor|   0|  0|   64|          64|          64|
    |xor_ln233_fu_2447_p2    |       xor|   0|  0|   64|          64|          64|
    |xor_ln234_1_fu_2477_p2  |       xor|   0|  0|   64|          64|          64|
    |xor_ln234_2_fu_2483_p2  |       xor|   0|  0|   64|          64|          64|
    |xor_ln234_fu_2471_p2    |       xor|   0|  0|   64|          64|          64|
    |xor_ln254_1_fu_3145_p2  |       xor|   0|  0|   64|          64|          64|
    |xor_ln254_fu_3133_p2    |       xor|   0|  0|   64|           2|          64|
    |xor_ln255_fu_3155_p2    |       xor|   0|  0|   64|           2|          64|
    |xor_ln256_fu_3173_p2    |       xor|   0|  0|   64|           2|          64|
    |xor_ln257_fu_3191_p2    |       xor|   0|  0|   64|           2|          64|
    |xor_ln258_fu_3208_p2    |       xor|   0|  0|   64|           2|          64|
    |xor_ln270_fu_3255_p2    |       xor|   0|  0|   64|           2|          64|
    |xor_ln271_fu_3273_p2    |       xor|   0|  0|   64|           2|          64|
    |xor_ln272_fu_3291_p2    |       xor|   0|  0|   64|           2|          64|
    |xor_ln273_fu_3309_p2    |       xor|   0|  0|   64|           2|          64|
    |xor_ln274_fu_3327_p2    |       xor|   0|  0|   64|           2|          64|
    |xor_ln286_fu_3375_p2    |       xor|   0|  0|   64|           2|          64|
    |xor_ln287_fu_3393_p2    |       xor|   0|  0|   64|           2|          64|
    |xor_ln288_fu_3411_p2    |       xor|   0|  0|   64|           2|          64|
    |xor_ln289_fu_3429_p2    |       xor|   0|  0|   64|           2|          64|
    |xor_ln290_fu_3447_p2    |       xor|   0|  0|   64|           2|          64|
    |xor_ln302_fu_3495_p2    |       xor|   0|  0|   64|           2|          64|
    |xor_ln303_fu_3513_p2    |       xor|   0|  0|   64|           2|          64|
    |xor_ln304_fu_3531_p2    |       xor|   0|  0|   64|           2|          64|
    |xor_ln305_fu_3549_p2    |       xor|   0|  0|   64|           2|          64|
    |xor_ln306_fu_3567_p2    |       xor|   0|  0|   64|           2|          64|
    |xor_ln318_fu_3615_p2    |       xor|   0|  0|   64|           2|          64|
    |xor_ln319_fu_3633_p2    |       xor|   0|  0|   64|           2|          64|
    |xor_ln320_fu_3651_p2    |       xor|   0|  0|   64|           2|          64|
    |xor_ln321_fu_3669_p2    |       xor|   0|  0|   64|           2|          64|
    |xor_ln322_fu_3687_p2    |       xor|   0|  0|   64|           2|          64|
    +------------------------+----------+----+---+-----+------------+------------+
    |Total                   |          |   0|  0|16156|       13039|       16137|
    +------------------------+----------+----+---+-----+------------+------------+

    * Multiplexer: 
    +-----------------------------+----+-----------+-----+-----------+
    |             Name            | LUT| Input Size| Bits| Total Bits|
    +-----------------------------+----+-----------+-----+-----------+
    |Aba_1_fu_378                 |   9|          2|   64|        128|
    |Abe_1_fu_374                 |   9|          2|   64|        128|
    |Abi_1_fu_370                 |   9|          2|   64|        128|
    |Abo_1_fu_366                 |   9|          2|   64|        128|
    |Abu_1_fu_362                 |   9|          2|   64|        128|
    |Aga_1_fu_358                 |   9|          2|   64|        128|
    |Age_1_fu_354                 |   9|          2|   64|        128|
    |Agi_1_fu_350                 |   9|          2|   64|        128|
    |Ago_1_fu_346                 |   9|          2|   64|        128|
    |Agu_1_fu_342                 |   9|          2|   64|        128|
    |Aka_1_fu_338                 |   9|          2|   64|        128|
    |Ake_1_fu_334                 |   9|          2|   64|        128|
    |Aki_1_fu_330                 |   9|          2|   64|        128|
    |Ako_1_fu_326                 |   9|          2|   64|        128|
    |Aku_1_fu_322                 |   9|          2|   64|        128|
    |Ama_1_fu_318                 |   9|          2|   64|        128|
    |Ame_1_fu_314                 |   9|          2|   64|        128|
    |Ami_1_fu_310                 |   9|          2|   64|        128|
    |Amo_1_fu_306                 |   9|          2|   64|        128|
    |Amu_1_fu_302                 |   9|          2|   64|        128|
    |Asa_1_fu_298                 |   9|          2|   64|        128|
    |Ase_1_fu_294                 |   9|          2|   64|        128|
    |Asi_1_fu_290                 |   9|          2|   64|        128|
    |Aso_1_fu_286                 |   9|          2|   64|        128|
    |Asu_1_fu_382                 |   9|          2|   64|        128|
    |ap_done_int                  |   9|          2|    1|          2|
    |ap_enable_reg_pp0_iter1      |   9|          2|    1|          2|
    |ap_sig_allocacmp_Aba_1_load  |   9|          2|   64|        128|
    |ap_sig_allocacmp_Abe_1_load  |   9|          2|   64|        128|
    |ap_sig_allocacmp_Abi_1_load  |   9|          2|   64|        128|
    |ap_sig_allocacmp_Abo_1_load  |   9|          2|   64|        128|
    |ap_sig_allocacmp_Abu_1_load  |   9|          2|   64|        128|
    |ap_sig_allocacmp_Aga_1_load  |   9|          2|   64|        128|
    |ap_sig_allocacmp_Age_1_load  |   9|          2|   64|        128|
    |ap_sig_allocacmp_Agi_1_load  |   9|          2|   64|        128|
    |ap_sig_allocacmp_Ago_1_load  |   9|          2|   64|        128|
    |ap_sig_allocacmp_Agu_1_load  |   9|          2|   64|        128|
    |ap_sig_allocacmp_Aka_1_load  |   9|          2|   64|        128|
    |ap_sig_allocacmp_Ake_1_load  |   9|          2|   64|        128|
    |ap_sig_allocacmp_Aki_1_load  |   9|          2|   64|        128|
    |ap_sig_allocacmp_Ako_1_load  |   9|          2|   64|        128|
    |ap_sig_allocacmp_Aku_1_load  |   9|          2|   64|        128|
    |ap_sig_allocacmp_Ama_1_load  |   9|          2|   64|        128|
    |ap_sig_allocacmp_Ame_1_load  |   9|          2|   64|        128|
    |ap_sig_allocacmp_Ami_1_load  |   9|          2|   64|        128|
    |ap_sig_allocacmp_Amo_1_load  |   9|          2|   64|        128|
    |ap_sig_allocacmp_Amu_1_load  |   9|          2|   64|        128|
    |ap_sig_allocacmp_Asa_1_load  |   9|          2|   64|        128|
    |ap_sig_allocacmp_Ase_1_load  |   9|          2|   64|        128|
    |ap_sig_allocacmp_Asi_1_load  |   9|          2|   64|        128|
    |ap_sig_allocacmp_Aso_1_load  |   9|          2|   64|        128|
    |ap_sig_allocacmp_Asu_1_load  |   9|          2|   64|        128|
    |ap_sig_allocacmp_round_1     |   9|          2|    5|         10|
    |round_fu_386                 |   9|          2|    5|         10|
    +-----------------------------+----+-----------+-----+-----------+
    |Total                        | 486|        108| 3212|       6424|
    +-----------------------------+----+-----------+-----+-----------+

    * Register: 
    +----------------------------------------+----+----+-----+-----------+
    |                  Name                  | FF | LUT| Bits| Const Bits|
    +----------------------------------------+----+----+-----+-----------+
    |Aba_1_fu_378                            |  64|   0|   64|          0|
    |Abe_1_fu_374                            |  64|   0|   64|          0|
    |Abi_1_fu_370                            |  64|   0|   64|          0|
    |Abo_1_fu_366                            |  64|   0|   64|          0|
    |Abu_1_fu_362                            |  64|   0|   64|          0|
    |Aga_1_fu_358                            |  64|   0|   64|          0|
    |Age_1_fu_354                            |  64|   0|   64|          0|
    |Agi_1_fu_350                            |  64|   0|   64|          0|
    |Ago_1_fu_346                            |  64|   0|   64|          0|
    |Agu_1_fu_342                            |  64|   0|   64|          0|
    |Aka_1_fu_338                            |  64|   0|   64|          0|
    |Ake_1_fu_334                            |  64|   0|   64|          0|
    |Aki_1_fu_330                            |  64|   0|   64|          0|
    |Ako_1_fu_326                            |  64|   0|   64|          0|
    |Aku_1_fu_322                            |  64|   0|   64|          0|
    |Ama_1_fu_318                            |  64|   0|   64|          0|
    |Ame_1_fu_314                            |  64|   0|   64|          0|
    |Ami_1_fu_310                            |  64|   0|   64|          0|
    |Amo_1_fu_306                            |  64|   0|   64|          0|
    |Amu_1_fu_302                            |  64|   0|   64|          0|
    |Asa_1_fu_298                            |  64|   0|   64|          0|
    |Ase_1_fu_294                            |  64|   0|   64|          0|
    |Asi_1_fu_290                            |  64|   0|   64|          0|
    |Aso_1_fu_286                            |  64|   0|   64|          0|
    |Asu_1_fu_382                            |  64|   0|   64|          0|
    |Eba_2_reg_4151                          |  64|   0|   64|          0|
    |KeccakF_RoundConstants_load_1_reg_4198  |  64|   0|   64|          0|
    |ap_CS_fsm                               |   1|   0|    1|          0|
    |ap_done_reg                             |   1|   0|    1|          0|
    |ap_enable_reg_pp0_iter1                 |   1|   0|    1|          0|
    |ap_enable_reg_pp0_iter2                 |   1|   0|    1|          0|
    |ap_loop_exit_ready_pp0_iter1_reg        |   1|   0|    1|          0|
    |icmp_ln131_reg_4137                     |   1|   0|    1|          0|
    |lshr_ln23_reg_4163                      |  44|   0|   44|          0|
    |lshr_ln24_reg_4173                      |  43|   0|   43|          0|
    |lshr_ln25_reg_4183                      |  21|   0|   21|          0|
    |lshr_ln26_reg_4193                      |  14|   0|   14|          0|
    |lshr_ln27_reg_4208                      |  28|   0|   28|          0|
    |lshr_ln28_reg_4218                      |  20|   0|   20|          0|
    |lshr_ln29_reg_4228                      |   3|   0|    3|          0|
    |lshr_ln30_reg_4238                      |  45|   0|   45|          0|
    |lshr_ln31_reg_4248                      |  61|   0|   61|          0|
    |lshr_ln32_reg_4268                      |   6|   0|    6|          0|
    |lshr_ln33_reg_4278                      |  25|   0|   25|          0|
    |lshr_ln34_reg_4288                      |   8|   0|    8|          0|
    |lshr_ln35_reg_4298                      |  18|   0|   18|          0|
    |lshr_ln36_reg_4308                      |  27|   0|   27|          0|
    |lshr_ln37_reg_4318                      |  36|   0|   36|          0|
    |lshr_ln38_reg_4328                      |  10|   0|   10|          0|
    |lshr_ln39_reg_4338                      |  15|   0|   15|          0|
    |lshr_ln40_reg_4348                      |  56|   0|   56|          0|
    |lshr_ln41_reg_4358                      |  62|   0|   62|          0|
    |lshr_ln42_reg_4368                      |  55|   0|   55|          0|
    |lshr_ln43_reg_4378                      |  39|   0|   39|          0|
    |lshr_ln44_reg_4388                      |  41|   0|   41|          0|
    |lshr_ln45_reg_4398                      |   2|   0|    2|          0|
    |round_fu_386                            |   5|   0|    5|          0|
    |tmp_11_reg_4258                         |   1|   0|    1|          0|
    |trunc_ln246_reg_4158                    |  20|   0|   20|          0|
    |trunc_ln248_reg_4168                    |  21|   0|   21|          0|
    |trunc_ln250_reg_4178                    |  43|   0|   43|          0|
    |trunc_ln252_reg_4188                    |  50|   0|   50|          0|
    |trunc_ln261_reg_4203                    |  36|   0|   36|          0|
    |trunc_ln263_reg_4213                    |  44|   0|   44|          0|
    |trunc_ln265_reg_4223                    |  61|   0|   61|          0|
    |trunc_ln267_reg_4233                    |  19|   0|   19|          0|
    |trunc_ln269_reg_4243                    |   3|   0|    3|          0|
    |trunc_ln277_reg_4253                    |  63|   0|   63|          0|
    |trunc_ln279_reg_4263                    |  58|   0|   58|          0|
    |trunc_ln281_reg_4273                    |  39|   0|   39|          0|
    |trunc_ln283_reg_4283                    |  56|   0|   56|          0|
    |trunc_ln285_reg_4293                    |  46|   0|   46|          0|
    |trunc_ln293_reg_4303                    |  37|   0|   37|          0|
    |trunc_ln295_reg_4313                    |  28|   0|   28|          0|
    |trunc_ln297_reg_4323                    |  54|   0|   54|          0|
    |trunc_ln299_reg_4333                    |  49|   0|   49|          0|
    |trunc_ln301_reg_4343                    |   8|   0|    8|          0|
    |trunc_ln309_reg_4353                    |   2|   0|    2|          0|
    |trunc_ln311_reg_4363                    |   9|   0|    9|          0|
    |trunc_ln313_reg_4373                    |  25|   0|   25|          0|
    |trunc_ln315_reg_4383                    |  23|   0|   23|          0|
    |trunc_ln317_reg_4393                    |  62|   0|   62|          0|
    +----------------------------------------+----+----+-----+-----------+
    |Total                                   |3275|   0| 3275|          0|
    +----------------------------------------+----+----+-----+-----------+



================================================================
== Interface
================================================================
* Summary: 
+-------------------+-----+-----+------------+-------------------------------------------------+--------------+
|     RTL Ports     | Dir | Bits|  Protocol  |                  Source Object                  |    C Type    |
+-------------------+-----+-----+------------+-------------------------------------------------+--------------+
|ap_clk             |   in|    1|  ap_ctrl_hs|  KeccakF1600_StatePermute_Pipeline_state_permute|  return value|
|ap_rst             |   in|    1|  ap_ctrl_hs|  KeccakF1600_StatePermute_Pipeline_state_permute|  return value|
|ap_start           |   in|    1|  ap_ctrl_hs|  KeccakF1600_StatePermute_Pipeline_state_permute|  return value|
|ap_done            |  out|    1|  ap_ctrl_hs|  KeccakF1600_StatePermute_Pipeline_state_permute|  return value|
|ap_idle            |  out|    1|  ap_ctrl_hs|  KeccakF1600_StatePermute_Pipeline_state_permute|  return value|
|ap_ready           |  out|    1|  ap_ctrl_hs|  KeccakF1600_StatePermute_Pipeline_state_permute|  return value|
|Asu                |   in|   64|     ap_none|                                              Asu|        scalar|
|Aba                |   in|   64|     ap_none|                                              Aba|        scalar|
|Abe                |   in|   64|     ap_none|                                              Abe|        scalar|
|Abi                |   in|   64|     ap_none|                                              Abi|        scalar|
|Abo                |   in|   64|     ap_none|                                              Abo|        scalar|
|Abu                |   in|   64|     ap_none|                                              Abu|        scalar|
|Aga                |   in|   64|     ap_none|                                              Aga|        scalar|
|Age                |   in|   64|     ap_none|                                              Age|        scalar|
|Agi                |   in|   64|     ap_none|                                              Agi|        scalar|
|Ago                |   in|   64|     ap_none|                                              Ago|        scalar|
|Agu                |   in|   64|     ap_none|                                              Agu|        scalar|
|Aka                |   in|   64|     ap_none|                                              Aka|        scalar|
|Ake                |   in|   64|     ap_none|                                              Ake|        scalar|
|Aki                |   in|   64|     ap_none|                                              Aki|        scalar|
|Ako                |   in|   64|     ap_none|                                              Ako|        scalar|
|Aku                |   in|   64|     ap_none|                                              Aku|        scalar|
|Ama                |   in|   64|     ap_none|                                              Ama|        scalar|
|Ame                |   in|   64|     ap_none|                                              Ame|        scalar|
|Ami                |   in|   64|     ap_none|                                              Ami|        scalar|
|Amo                |   in|   64|     ap_none|                                              Amo|        scalar|
|Amu                |   in|   64|     ap_none|                                              Amu|        scalar|
|Asa                |   in|   64|     ap_none|                                              Asa|        scalar|
|Ase                |   in|   64|     ap_none|                                              Ase|        scalar|
|Asi                |   in|   64|     ap_none|                                              Asi|        scalar|
|Aso                |   in|   64|     ap_none|                                              Aso|        scalar|
|Asu_4_out          |  out|   64|      ap_vld|                                        Asu_4_out|       pointer|
|Asu_4_out_ap_vld   |  out|    1|      ap_vld|                                        Asu_4_out|       pointer|
|Aba_5_out          |  out|   64|      ap_vld|                                        Aba_5_out|       pointer|
|Aba_5_out_ap_vld   |  out|    1|      ap_vld|                                        Aba_5_out|       pointer|
|Abe_4_out          |  out|   64|      ap_vld|                                        Abe_4_out|       pointer|
|Abe_4_out_ap_vld   |  out|    1|      ap_vld|                                        Abe_4_out|       pointer|
|Abi_4_out          |  out|   64|      ap_vld|                                        Abi_4_out|       pointer|
|Abi_4_out_ap_vld   |  out|    1|      ap_vld|                                        Abi_4_out|       pointer|
|Abo_4_out          |  out|   64|      ap_vld|                                        Abo_4_out|       pointer|
|Abo_4_out_ap_vld   |  out|    1|      ap_vld|                                        Abo_4_out|       pointer|
|Abu_4_out          |  out|   64|      ap_vld|                                        Abu_4_out|       pointer|
|Abu_4_out_ap_vld   |  out|    1|      ap_vld|                                        Abu_4_out|       pointer|
|Aga_4_out          |  out|   64|      ap_vld|                                        Aga_4_out|       pointer|
|Aga_4_out_ap_vld   |  out|    1|      ap_vld|                                        Aga_4_out|       pointer|
|Age_4_out          |  out|   64|      ap_vld|                                        Age_4_out|       pointer|
|Age_4_out_ap_vld   |  out|    1|      ap_vld|                                        Age_4_out|       pointer|
|Agi_4_out          |  out|   64|      ap_vld|                                        Agi_4_out|       pointer|
|Agi_4_out_ap_vld   |  out|    1|      ap_vld|                                        Agi_4_out|       pointer|
|Ago_4_out          |  out|   64|      ap_vld|                                        Ago_4_out|       pointer|
|Ago_4_out_ap_vld   |  out|    1|      ap_vld|                                        Ago_4_out|       pointer|
|Agu_4_out          |  out|   64|      ap_vld|                                        Agu_4_out|       pointer|
|Agu_4_out_ap_vld   |  out|    1|      ap_vld|                                        Agu_4_out|       pointer|
|Aka_4_out          |  out|   64|      ap_vld|                                        Aka_4_out|       pointer|
|Aka_4_out_ap_vld   |  out|    1|      ap_vld|                                        Aka_4_out|       pointer|
|Ake_4_out          |  out|   64|      ap_vld|                                        Ake_4_out|       pointer|
|Ake_4_out_ap_vld   |  out|    1|      ap_vld|                                        Ake_4_out|       pointer|
|Aki_4_out          |  out|   64|      ap_vld|                                        Aki_4_out|       pointer|
|Aki_4_out_ap_vld   |  out|    1|      ap_vld|                                        Aki_4_out|       pointer|
|Ako_4_out          |  out|   64|      ap_vld|                                        Ako_4_out|       pointer|
|Ako_4_out_ap_vld   |  out|    1|      ap_vld|                                        Ako_4_out|       pointer|
|Aku_4_out          |  out|   64|      ap_vld|                                        Aku_4_out|       pointer|
|Aku_4_out_ap_vld   |  out|    1|      ap_vld|                                        Aku_4_out|       pointer|
|Ama_4_out          |  out|   64|      ap_vld|                                        Ama_4_out|       pointer|
|Ama_4_out_ap_vld   |  out|    1|      ap_vld|                                        Ama_4_out|       pointer|
|Ame_4_out          |  out|   64|      ap_vld|                                        Ame_4_out|       pointer|
|Ame_4_out_ap_vld   |  out|    1|      ap_vld|                                        Ame_4_out|       pointer|
|Ami_4_out          |  out|   64|      ap_vld|                                        Ami_4_out|       pointer|
|Ami_4_out_ap_vld   |  out|    1|      ap_vld|                                        Ami_4_out|       pointer|
|Amo_4_out          |  out|   64|      ap_vld|                                        Amo_4_out|       pointer|
|Amo_4_out_ap_vld   |  out|    1|      ap_vld|                                        Amo_4_out|       pointer|
|Amu_4_out          |  out|   64|      ap_vld|                                        Amu_4_out|       pointer|
|Amu_4_out_ap_vld   |  out|    1|      ap_vld|                                        Amu_4_out|       pointer|
|Asa_4_out          |  out|   64|      ap_vld|                                        Asa_4_out|       pointer|
|Asa_4_out_ap_vld   |  out|    1|      ap_vld|                                        Asa_4_out|       pointer|
|Ase_03_out         |  out|   64|      ap_vld|                                       Ase_03_out|       pointer|
|Ase_03_out_ap_vld  |  out|    1|      ap_vld|                                       Ase_03_out|       pointer|
|Asi_02_out         |  out|   64|      ap_vld|                                       Asi_02_out|       pointer|
|Asi_02_out_ap_vld  |  out|    1|      ap_vld|                                       Asi_02_out|       pointer|
|Aso_01_out         |  out|   64|      ap_vld|                                       Aso_01_out|       pointer|
|Aso_01_out_ap_vld  |  out|    1|      ap_vld|                                       Aso_01_out|       pointer|
+-------------------+-----+-----+------------+-------------------------------------------------+--------------+

